 flightControlSystem_sfun

 Timestamp is 669080f7 (Fri Jul 12 04:03:51 2024)

 Preferred load address is 0000000180000000

 Start         Length     Name                   Class
 0001:00000000 000104c0H .text$mn                CODE
 0001:000104c0 00000036H .text$mn$00             CODE
 0001:000104f6 00000092H .text$x                 CODE
 0002:00000000 00000440H .idata$5                DATA
 0002:00000440 00000038H .00cfg                  DATA
 0002:00000478 00000008H .CRT$XCA                DATA
 0002:00000480 00000008H .CRT$XCZ                DATA
 0002:00000488 00000008H .CRT$XIA                DATA
 0002:00000490 00000008H .CRT$XIZ                DATA
 0002:00000498 00000008H .CRT$XPA                DATA
 0002:000004a0 00000008H .CRT$XPZ                DATA
 0002:000004a8 00000008H .CRT$XTA                DATA
 0002:000004b0 00000010H .CRT$XTZ                DATA
 0002:000004b8 00000000H .gehcont$y              DATA
 0002:000004b8 00000000H .gfids$y                DATA
 0002:000004c0 000002c0H .rdata                  DATA
 0002:00000780 00000080H .rdata$CastGuardVftablesA DATA
 0002:00000800 00000080H .rdata$CastGuardVftablesC DATA
 0002:00000880 00000188H .rdata$voltmd           DATA
 0002:00000a08 00000278H .rdata$zzzdbg           DATA
 0002:00000c80 00000008H .rtc$IAA                DATA
 0002:00000c88 00000008H .rtc$IZZ                DATA
 0002:00000c90 00000008H .rtc$TAA                DATA
 0002:00000c98 00000008H .rtc$TZZ                DATA
 0002:00000ca0 00000a00H .xdata                  DATA
 0002:000016a0 00000084H .edata                  DATA
 0002:00001724 00000118H .idata$2                DATA
 0002:0000183c 00000014H .idata$3                DATA
 0002:00001850 00000440H .idata$4                DATA
 0002:00001c90 00000b90H .idata$6                DATA
 0003:00000000 0000cb00H .data                   DATA
 0003:0000cb00 00000bc0H .bss                    DATA
 0004:00000000 00000c00H .pdata                  DATA

  Address         Publics by Value              Rva+Base               Lib:Object

 0000:00000000       __AbsoluteZero             0000000000000000     <absolute>
 0000:00000000       ___safe_se_handler_count   0000000000000000     <absolute>
 0000:00000000       ___safe_se_handler_table   0000000000000000     <absolute>
 0000:00000000       __arm64x_extra_rfe_table   0000000000000000     <absolute>
 0000:00000000       __arm64x_extra_rfe_table_size 0000000000000000     <absolute>
 0000:00000000       __arm64x_native_entrypoint 0000000000000000     <absolute>
 0000:00000000       __arm64x_redirection_metadata 0000000000000000     <absolute>
 0000:00000000       __arm64x_redirection_metadata_count 0000000000000000     <absolute>
 0000:00000000       __dynamic_value_reloc_table 0000000000000000     <absolute>
 0000:00000000       __enclave_config           0000000000000000     <absolute>
 0000:00000000       __guard_check_icall_a64n_fptr 0000000000000000     <absolute>
 0000:00000000       __guard_eh_cont_count      0000000000000000     <absolute>
 0000:00000000       __guard_eh_cont_table      0000000000000000     <absolute>
 0000:00000000       __guard_fids_count         0000000000000000     <absolute>
 0000:00000000       __guard_fids_table         0000000000000000     <absolute>
 0000:00000000       __guard_iat_count          0000000000000000     <absolute>
 0000:00000000       __guard_iat_table          0000000000000000     <absolute>
 0000:00000000       __guard_longjmp_count      0000000000000000     <absolute>
 0000:00000000       __guard_longjmp_table      0000000000000000     <absolute>
 0000:00000000       __hybrid_auxiliary_delayload_iat 0000000000000000     <absolute>
 0000:00000000       __hybrid_auxiliary_delayload_iat_copy 0000000000000000     <absolute>
 0000:00000000       __hybrid_auxiliary_iat     0000000000000000     <absolute>
 0000:00000000       __hybrid_auxiliary_iat_copy 0000000000000000     <absolute>
 0000:00000000       __hybrid_code_map          0000000000000000     <absolute>
 0000:00000000       __hybrid_code_map_count    0000000000000000     <absolute>
 0000:00000000       __hybrid_image_info_bitfield 0000000000000000     <absolute>
 0000:00000000       __x64_code_ranges_to_entry_points 0000000000000000     <absolute>
 0000:00000000       __x64_code_ranges_to_entry_points_count 0000000000000000     <absolute>
 0000:00000100       __guard_flags              0000000000000100     <absolute>
 0000:00000000       __ImageBase                0000000180000000     <linker-defined>
 0001:00000000       flightControlSystem_initializer 0000000180001000 f   flightControlSystem_sfun.obj
 0001:00000010       flightControlSystem_terminator 0000000180001010 f   flightControlSystem_sfun.obj
 0001:00000020       load_flightControlSystem_optimization_info 0000000180001020 f   flightControlSystem_sfun.obj
 0001:000000d0       unload_flightControlSystem_optimization_info 00000001800010d0 f   flightControlSystem_sfun.obj
 0001:00000100       sf_flightControlSystem_method_dispatcher 0000000180001100 f   flightControlSystem_sfun.obj
 0001:00000150       sf_flightControlSystem_process_check_sum_call 0000000180001150 f   flightControlSystem_sfun.obj
 0001:00000640       sf_flightControlSystem_get_eml_resolved_functions_info 0000000180001640 f   flightControlSystem_sfun.obj
 0001:00000820       sf_flightControlSystem_third_party_uses_info 0000000180001820 f   flightControlSystem_sfun.obj
 0001:000009f0       sf_flightControlSystem_jit_fallback_info 00000001800019f0 f   flightControlSystem_sfun.obj
 0001:00000bc0       sf_flightControlSystem_get_post_codegen_info 0000000180001bc0 f   flightControlSystem_sfun.obj
 0001:00000da0       sf_flightControlSystem_updateBuildInfo_args_info 0000000180001da0 f   flightControlSystem_sfun.obj
 0001:00000f60       sf_c1_flightControlSystem_get_eml_resolved_functions_info 0000000180001f60 f   c1_flightControlSystem.obj
 0001:00000fe0       sf_c1_flightControlSystem_get_check_sum 0000000180001fe0 f   c1_flightControlSystem.obj
 0001:000010b0       c1_flightControlSystem_method_dispatcher 00000001800020b0 f   c1_flightControlSystem.obj
 0001:00003520       sf_c1_flightControlSystem_third_party_uses_info 0000000180004520 f   c1_flightControlSystem.obj
 0001:00003570       sf_c1_flightControlSystem_jit_fallback_info 0000000180004570 f   c1_flightControlSystem.obj
 0001:00003700       sf_c1_flightControlSystem_updateBuildInfo_args_info 0000000180004700 f   c1_flightControlSystem.obj
 0001:00003a20       sf_c1_flightControlSystem_get_post_codegen_info 0000000180004a20 f   c1_flightControlSystem.obj
 0001:00003ef0       mexFunction                0000000180004ef0 f   flightControlSystem_sfun_registry.obj
 0001:000067c0       _ssSetInputPortDirectFeedThroughFcn 00000001800077c0 f   flightControlSystem_sfun_registry.obj
 0001:00006930       _ssSetRWorkValueFcn        0000000180007930 f   flightControlSystem_sfun_registry.obj
 0001:000069b0       _ssGetRWorkValueFcn        00000001800079b0 f   flightControlSystem_sfun_registry.obj
 0001:00006a20       _ssSetIWorkValueFcn        0000000180007a20 f   flightControlSystem_sfun_registry.obj
 0001:00006aa0       _ssGetIWorkValueFcn        0000000180007aa0 f   flightControlSystem_sfun_registry.obj
 0001:00006b10       _ssSetPWorkValueFcn        0000000180007b10 f   flightControlSystem_sfun_registry.obj
 0001:00006b90       _ssGetPWorkValueFcn        0000000180007b90 f   flightControlSystem_sfun_registry.obj
 0001:00006c00       _ssGetInputPortSignalFcn   0000000180007c00 f   flightControlSystem_sfun_registry.obj
 0001:00006f90       _ssGetInputPortBufferDstPortFcn 0000000180007f90 f   flightControlSystem_sfun_registry.obj
 0001:00007010       _ssGetInputPortSignalPtrsFcn 0000000180008010 f   flightControlSystem_sfun_registry.obj
 0001:000073a0       ssGetParameterTuningCompliance 00000001800083a0 f   flightControlSystem_sfun_registry.obj
 0001:00007410       _ssReadInputStringFcn      0000000180008410 f   flightControlSystem_sfun_registry.obj
 0001:00007480       ssGetDTypeIdFromMxArray    0000000180008480 f   flightControlSystem_sfun_registry.obj
 0001:000075a0       ssWriteRTWMx2dMatParam     00000001800085a0 f   flightControlSystem_sfun_registry.obj
 0001:00007630       ssWriteRTWMxVectParam      0000000180008630 f   flightControlSystem_sfun_registry.obj
 0001:000076b0       ssWriteRTWParameters       00000001800086b0 f   flightControlSystem_sfun_registry.obj
 0001:00007c70       ssWriteRTWParamSettings    0000000180008c70 f   flightControlSystem_sfun_registry.obj
 0001:00008360       ssWriteRTWStr              0000000180009360 f   flightControlSystem_sfun_registry.obj
 0001:000083c0       ssWriteRTWWorkVect         00000001800093c0 f   flightControlSystem_sfun_registry.obj
 0001:00008920       ssWarning                  0000000180009920 f   flightControlSystem_sfun_registry.obj
 0001:00008a10       ssGetRootSS                0000000180009a10 f   flightControlSystem_sfun_registry.obj
 0001:00008ad0       ssGetParentSS              0000000180009ad0 f   flightControlSystem_sfun_registry.obj
 0001:00008b90       ssWriteRTWNameValuePair    0000000180009b90 f   flightControlSystem_sfun_registry.obj
 0001:00009090       _ssSetInputPortMatrixDimensions 000000018000a090 f   flightControlSystem_sfun_registry.obj
 0001:000091e0       _ssSetOutputPortMatrixDimensions 000000018000a1e0 f   flightControlSystem_sfun_registry.obj
 0001:00009330       _ssSetInputPortVectorDimension 000000018000a330 f   flightControlSystem_sfun_registry.obj
 0001:000093e0       _ssSetOutputPortVectorDimension 000000018000a3e0 f   flightControlSystem_sfun_registry.obj
 0001:00009490       ssIsRunTimeParamTunable    000000018000a490 f   flightControlSystem_sfun_registry.obj
 0001:00009500       ssGetSFuncBlockHandle      000000018000a500 f   flightControlSystem_sfun_registry.obj
 0001:00009570       _ssGetCallSystemNumFcnCallDestinations 000000018000a570 f   flightControlSystem_sfun_registry.obj
 0001:000095e0       _ssGetCurrentInputPortWidth 000000018000a5e0 f   flightControlSystem_sfun_registry.obj
 0001:00009720       _ssGetCurrentOutputPortWidth 000000018000a720 f   flightControlSystem_sfun_registry.obj
 0001:00009860       ssGetIsZeroCrossControlDisabled 000000018000a860 f   flightControlSystem_sfun_registry.obj
 0001:000098d0       ssSetIsInputPortUsedForContZcSignal 000000018000a8d0 f   flightControlSystem_sfun_registry.obj
 0001:00009940       ssSetZcSignalIsZcElementDisc 000000018000a940 f   flightControlSystem_sfun_registry.obj
 0001:000099f0       ssSetZcSignalName          000000018000a9f0 f   flightControlSystem_sfun_registry.obj
 0001:00009a60       ssSetZcSignalWidth         000000018000aa60 f   flightControlSystem_sfun_registry.obj
 0001:00009ad0       ssSetZcSignalZcEventType   000000018000aad0 f   flightControlSystem_sfun_registry.obj
 0001:00009b40       ssSetZcSignalType          000000018000ab40 f   flightControlSystem_sfun_registry.obj
 0001:00009bb0       ssSetZcSignalZcTol         000000018000abb0 f   flightControlSystem_sfun_registry.obj
 0001:00009c20       ssSetZcSignalNeedsEventNotification 000000018000ac20 f   flightControlSystem_sfun_registry.obj
 0001:00009c90       ssCreateAndAddZcSignalInfo 000000018000ac90 f   flightControlSystem_sfun_registry.obj
 0001:00009d00       ssCloneAndAddZcSignalInfo  000000018000ad00 f   flightControlSystem_sfun_registry.obj
 0001:00009d70       ssGetNumZcSignals          000000018000ad70 f   flightControlSystem_sfun_registry.obj
 0001:00009de0       ssGetZcSignalVector        000000018000ade0 f   flightControlSystem_sfun_registry.obj
 0001:00009e50       ssGetZcSignalName          000000018000ae50 f   flightControlSystem_sfun_registry.obj
 0001:00009ec0       ssGetZcSignalWidth         000000018000aec0 f   flightControlSystem_sfun_registry.obj
 0001:00009f30       ssGetZcSignalZcEventType   000000018000af30 f   flightControlSystem_sfun_registry.obj
 0001:00009fa0       ssGetZcSignalZcEvents      000000018000afa0 f   flightControlSystem_sfun_registry.obj
 0001:0000a010       ssGetZcSignalType          000000018000b010 f   flightControlSystem_sfun_registry.obj
 0001:0000a080       ssGetZcSignalZcTol         000000018000b080 f   flightControlSystem_sfun_registry.obj
 0001:0000a100       ssGetZcSignalNeedsEventNotification 000000018000b100 f   flightControlSystem_sfun_registry.obj
 0001:0000a170       ssGetZcSignalIsZcElementDisc 000000018000b170 f   flightControlSystem_sfun_registry.obj
 0001:0000a210       ssGetIsInputPortElementContinuous 000000018000b210 f   flightControlSystem_sfun_registry.obj
 0001:0000a2b0       _ssGetAbsTol               000000018000b2b0 f   flightControlSystem_sfun_registry.obj
 0001:0000a320       _ssSetStateAbsTol          000000018000b320 f   flightControlSystem_sfun_registry.obj
 0001:0000a400       _ssSetInputPortReusableFcn 000000018000b400 f   flightControlSystem_sfun_registry.obj
 0001:0000a500       _ssSetOutputPortReusableFcn 000000018000b500 f   flightControlSystem_sfun_registry.obj
 0001:0000a600       _ssSetSymbolicDimsSupport  000000018000b600 f   flightControlSystem_sfun_registry.obj
 0001:0000a670       _ssRegisterSymbolicDimsExpr 000000018000b670 f   flightControlSystem_sfun_registry.obj
 0001:0000a6f0       _ssRegisterSymbolicDimsMATLABExpr 000000018000b6f0 f   flightControlSystem_sfun_registry.obj
 0001:0000a780       _ssRegisterSymbolicDims    000000018000b780 f   flightControlSystem_sfun_registry.obj
 0001:0000a820       _ssRegisterSymbolicDimsString 000000018000b820 f   flightControlSystem_sfun_registry.obj
 0001:0000a8a0       _ssRegisterSymbolicDimsIntValue 000000018000b8a0 f   flightControlSystem_sfun_registry.obj
 0001:0000a910       _ssRegisterSymbolicEqualRelation 000000018000b910 f   flightControlSystem_sfun_registry.obj
 0001:0000a980       _ssRegisterSymbolicEqualValue 000000018000b980 f   flightControlSystem_sfun_registry.obj
 0001:0000a9f0       _ssAmendLeadingSymbolicDims 000000018000b9f0 f   flightControlSystem_sfun_registry.obj
 0001:0000aa70       _ssAmendTrailingSymbolicDims 000000018000ba70 f   flightControlSystem_sfun_registry.obj
 0001:0000aaf0       _ssRegisterSymbolicDimsPlus 000000018000baf0 f   flightControlSystem_sfun_registry.obj
 0001:0000ab70       _ssRegisterSymbolicDimsMinus 000000018000bb70 f   flightControlSystem_sfun_registry.obj
 0001:0000abf0       _ssRegisterSymbolicDimsMultiply 000000018000bbf0 f   flightControlSystem_sfun_registry.obj
 0001:0000ac70       _ssRegisterSymbolicDimsDivide 000000018000bc70 f   flightControlSystem_sfun_registry.obj
 0001:0000acf0       _ssGetNumSymbolicDims      000000018000bcf0 f   flightControlSystem_sfun_registry.obj
 0001:0000ad60       _ssGetSymbolicDim          000000018000bd60 f   flightControlSystem_sfun_registry.obj
 0001:0000ade0       _ssSetInputPortSymbolicDimsId 000000018000bde0 f   flightControlSystem_sfun_registry.obj
 0001:0000ae50       _ssGetCompInputPortSymbolicDimsId 000000018000be50 f   flightControlSystem_sfun_registry.obj
 0001:0000aec0       _ssSetCompInputPortSymbolicDimsId 000000018000bec0 f   flightControlSystem_sfun_registry.obj
 0001:0000af30       _ssSetOutputPortSymbolicDimsId 000000018000bf30 f   flightControlSystem_sfun_registry.obj
 0001:0000afa0       _ssGetCompOutputPortSymbolicDimsId 000000018000bfa0 f   flightControlSystem_sfun_registry.obj
 0001:0000b010       _ssSetCompOutputPortSymbolicDimsId 000000018000c010 f   flightControlSystem_sfun_registry.obj
 0001:0000b080       _ssGetDWorkSymbolicDimsId  000000018000c080 f   flightControlSystem_sfun_registry.obj
 0001:0000b0f0       _ssSetDWorkSymbolicDimsId  000000018000c0f0 f   flightControlSystem_sfun_registry.obj
 0001:0000b160       _ssGetCompDWorkSymbolicDimsId 000000018000c160 f   flightControlSystem_sfun_registry.obj
 0001:0000b1d0       _ssSetCompDWorkSymbolicDimsId 000000018000c1d0 f   flightControlSystem_sfun_registry.obj
 0001:0000b240       _ssCreateSLCGStringBuffer  000000018000c240 f   flightControlSystem_sfun_registry.obj
 0001:0000b2b0       _ssAddToSLCGStringBuffer   000000018000c2b0 f   flightControlSystem_sfun_registry.obj
 0001:0000b320       _ssGetPointerContainedData 000000018000c320 f   flightControlSystem_sfun_registry.obj
 0001:0000b3b0       _ssGetPointerContainedDataWidth 000000018000c3b0 f   flightControlSystem_sfun_registry.obj
 0001:0000b440       _ssRegisterDynamicArrayDataTypeFcn 000000018000c440 f   flightControlSystem_sfun_registry.obj
 0001:0000b4e0       _ssGetDynamicArrayContainedDataCurrentWidthFcn 000000018000c4e0 f   flightControlSystem_sfun_registry.obj
 0001:0000b5b0       _ssGetDynamicArrayContainedDataFcn 000000018000c5b0 f   flightControlSystem_sfun_registry.obj
 0001:0000b680       _ssGetInputPortDynamicArrayDataFcn 000000018000c680 f   flightControlSystem_sfun_registry.obj
 0001:0000b740       _ssGetOutputPortDynamicArrayDataFcn 000000018000c740 f   flightControlSystem_sfun_registry.obj
 0001:0000b800       _ssGetInputPortDynamicArrayContainedDataFcn 000000018000c800 f   flightControlSystem_sfun_registry.obj
 0001:0000b8c0       _ssGetOutputPortDynamicArrayContainedDataFcn 000000018000c8c0 f   flightControlSystem_sfun_registry.obj
 0001:0000b980       _ssGetDynamicArrayDWorkContainedDataFcn 000000018000c980 f   flightControlSystem_sfun_registry.obj
 0001:0000ba40       sf_process_check_sum_call  000000018000ca40 f   flightControlSystem_sfun_registry.obj
 0001:0000ba90       sf_process_get_third_party_uses_info_call 000000018000ca90 f   flightControlSystem_sfun_registry.obj
 0001:0000bcc0       sf_process_get_jit_fallback_info_call 000000018000ccc0 f   flightControlSystem_sfun_registry.obj
 0001:0000bef0       sf_process_get_post_codegen_info_call 000000018000cef0 f   flightControlSystem_sfun_registry.obj
 0001:0000c120       sf_process_get_updateBuildInfo_args_info_call 000000018000d120 f   flightControlSystem_sfun_registry.obj
 0001:0000c350       sf_process_get_eml_resolved_functions_info_call 000000018000d350 f   flightControlSystem_sfun_registry.obj
 0001:0000c580       sf_mex_unlock_call         000000018000d580 f   flightControlSystem_sfun_registry.obj
 0001:0000c7a0       sf_machine_global_initializer_called 000000018000d7a0 f   flightControlSystem_sfun_registry.obj
 0001:0000c7d0       sf_machine_global_method_dispatcher 000000018000d7d0 f   flightControlSystem_sfun_registry.obj
 0001:0000c830       sf_machine_global_terminator 000000018000d830 f   flightControlSystem_sfun_registry.obj
 0001:0000c860       callCustomFcn              000000018000d860 f   flightControlSystem_sfun_registry.obj
 0001:0000c870       sf_machine_global_initializer 000000018000d870 f   flightControlSystem_sfun_registry.obj
 0001:0000c8a0       mdlGetSimState             000000018000d8a0 f   flightControlSystem_sfun_registry.obj
 0001:0000c8e0       mdlSetSimState             000000018000d8e0 f   flightControlSystem_sfun_registry.obj
 0001:0000d250       ProcessMexSfunctionEveryCall 000000018000e250 f   flightControlSystem_sfun_registry.obj
 0001:0000e3d0       __local_stdio_printf_options 000000018000f3d0 f i flightControlSystem_sfun_registry.obj
 0001:0000e3e0       _vsnprintf_l               000000018000f3e0 f i flightControlSystem_sfun_registry.obj
 0001:0000e460       _vsprintf_l                000000018000f460 f i flightControlSystem_sfun_registry.obj
 0001:0000e4b0       sprintf                    000000018000f4b0 f i flightControlSystem_sfun_registry.obj
 0001:0000e500       mexfilerequiredapiversion  000000018000f500 f   c_mexapi_version.obj
 0001:0000e530       getBitfieldFromFloat       000000018000f530 f   half_type.obj
 0001:0000e560       getFloatFromBitfield       000000018000f560 f   half_type.obj
 0001:0000e590       getBitfieldFromHalf        000000018000f590 f   half_type.obj
 0001:0000e5b0       getHalfFromBitfield        000000018000f5b0 f   half_type.obj
 0001:0000e5e0       halfToFloat                000000018000f5e0 f   half_type.obj
 0001:0000e760       halfToDouble               000000018000f760 f   half_type.obj
 0001:0000e790       floatToHalf                000000018000f790 f   half_type.obj
 0001:0000e9f0       doubleToHalf               000000018000f9f0 f   half_type.obj
 0001:0000ecdb       bwlookup_tbb_boolean       000000018000fcdb f   libmwbwlookup_tbb:libmwbwlookup_tbb.dll
 0001:0000ece1       sf_load_rtw_optimization_info 000000018000fce1 f   sf_runtime:sf_runtime.dll
 0001:0000ece7       sf_mex_decode              000000018000fce7 f   sf_runtime:sf_runtime.dll
 0001:0000eced       sf_init_ChartRunTimeInfo   000000018000fced f   sf_runtime:sf_runtime.dll
 0001:0000ecf3       sf_free_ChartRunTimeInfo   000000018000fcf3 f   sf_runtime:sf_runtime.dll
 0001:0000ecf9       sf_reset_warnings_ChartRunTimeInfo 000000018000fcf9 f   sf_runtime:sf_runtime.dll
 0001:0000ecff       sfrtGetEmlrtCtx            000000018000fcff f   sf_runtime:sf_runtime.dll
 0001:0000ed05       sfrtGetCovrtInstance       000000018000fd05 f   sf_runtime:sf_runtime.dll
 0001:0000ed0b       sf_get_chart_instance_ptr  000000018000fd0b f   sf_runtime:sf_runtime.dll
 0001:0000ed11       sfSetAnimationVectors      000000018000fd11 f   sf_runtime:sf_runtime.dll
 0001:0000ed17       sim_mode_is_rtw_gen        000000018000fd17 f   sf_runtime:sf_runtime.dll
 0001:0000ed1d       sim_mode_is_external       000000018000fd1d f   sf_runtime:sf_runtime.dll
 0001:0000ed23       sf_clear_rtw_identifier    000000018000fd23 f   sf_runtime:sf_runtime.dll
 0001:0000ed29       sf_get_time                000000018000fd29 f   sf_runtime:sf_runtime.dll
 0001:0000ed2f       setDataBrowseFcn           000000018000fd2f f   sf_runtime:sf_runtime.dll
 0001:0000ed35       sf_set_work_widths         000000018000fd35 f   sf_runtime:sf_runtime.dll
 0001:0000ed3b       mdlProcessParamsCommon     000000018000fd3b f   sf_runtime:sf_runtime.dll
 0001:0000ed41       sfListenerCacheSimStruct   000000018000fd41 f   sf_runtime:sf_runtime.dll
 0001:0000ed47       sfListenerLightTerminate   000000018000fd47 f   sf_runtime:sf_runtime.dll
 0001:0000ed4d       sfListenerInitializeRuntimeVars 000000018000fd4d f   sf_runtime:sf_runtime.dll
 0001:0000ed53       sf_mex_call                000000018000fd53 f   sf_runtime:sf_runtime.dll
 0001:0000ed59       sf_mex_error_message       000000018000fd59 f   sf_runtime:sf_runtime.dll
 0001:0000ed5f       sf_mex_create              000000018000fd5f f   sf_runtime:sf_runtime.dll
 0001:0000ed65       sf_mex_createcellmatrix    000000018000fd65 f   sf_runtime:sf_runtime.dll
 0001:0000ed6b       sf_mex_setcell             000000018000fd6b f   sf_runtime:sf_runtime.dll
 0001:0000ed71       sf_mex_getcell             000000018000fd71 f   sf_runtime:sf_runtime.dll
 0001:0000ed77       sf_mex_assign              000000018000fd77 f   sf_runtime:sf_runtime.dll
 0001:0000ed7d       sf_mex_dup                 000000018000fd7d f   sf_runtime:sf_runtime.dll
 0001:0000ed83       sf_mex_destroy             000000018000fd83 f   sf_runtime:sf_runtime.dll
 0001:0000ed89       sf_mex_import              000000018000fd89 f   sf_runtime:sf_runtime.dll
 0001:0000ed8f       ssGetInputPortSignal_wrapper 000000018000fd8f f   sf_runtime:sf_runtime.dll
 0001:0000ed95       ssGetOutputPortSignal_wrapper 000000018000fd95 f   sf_runtime:sf_runtime.dll
 0001:0000ed9b       sf_get_ChartInfoStruct_CodeGen 000000018000fd9b f   sf_runtime:sf_runtime.dll
 0001:0000eda1       sf_get_hasSeparateUpdateOutputs 000000018000fda1 f   sf_runtime:sf_runtime.dll
 0001:0000eda7       callMdlMethodAndReportError 000000018000fda7 f   sf_runtime:sf_runtime.dll
 0001:0000edad       call_sf_machine_global_method_dispatcher 000000018000fdad f   sf_runtime:sf_runtime.dll
 0001:0000edb3       getRuntimeInstanceInfoAsVoid 000000018000fdb3 f   sf_runtime:sf_runtime.dll
 0001:0000edb9       sf_mex_error_direct_call   000000018000fdb9 f   sf_runtime:sf_runtime.dll
 0001:0000edbf       sf_clear_error_manager_info 000000018000fdbf f   sf_runtime:sf_runtime.dll
 0001:0000edc5       mxIsChar_800               000000018000fdc5 f   libmx:libmx.dll
 0001:0000edcb       mxGetScalar_800            000000018000fdcb f   libmx:libmx.dll
 0001:0000edd1       mxGetPr_800                000000018000fdd1 f   libmx:libmx.dll
 0001:0000edd7       mxDestroyArray_800         000000018000fdd7 f   libmx:libmx.dll
 0001:0000eddd       mxCreateDoubleMatrix_800   000000018000fddd f   libmx:libmx.dll
 0001:0000ede3       mxGetString_800            000000018000fde3 f   libmx:libmx.dll
 0001:0000ede9       mxDuplicateArray_800       000000018000fde9 f   libmx:libmx.dll
 0001:0000edef       mxSetCell_800              000000018000fdef f   libmx:libmx.dll
 0001:0000edf5       mxSetField_800             000000018000fdf5 f   libmx:libmx.dll
 0001:0000edfb       mxCreateString_800         000000018000fdfb f   libmx:libmx.dll
 0001:0000ee01       mxCreateCellMatrix_800     000000018000fe01 f   libmx:libmx.dll
 0001:0000ee07       mxCreateStructMatrix_800   000000018000fe07 f   libmx:libmx.dll
 0001:0000ee0d       mxGetInf_800               000000018000fe0d f   libmx:libmx.dll
 0001:0000ee13       mxCalloc_800               000000018000fe13 f   libmx:libmx.dll
 0001:0000ee19       mxGetM_800                 000000018000fe19 f   libmx:libmx.dll
 0001:0000ee1f       mxGetClassID_800           000000018000fe1f f   libmx:libmx.dll
 0001:0000ee25       mxIsNumeric_800            000000018000fe25 f   libmx:libmx.dll
 0001:0000ee2b       mxIsComplex_800            000000018000fe2b f   libmx:libmx.dll
 0001:0000ee31       mxGetN_800                 000000018000fe31 f   libmx:libmx.dll
 0001:0000ee37       mxCreateDoubleScalar_800   000000018000fe37 f   libmx:libmx.dll
 0001:0000ee3d       mexMakeArrayPersistent_800 000000018000fe3d f   libmex:libmex.dll
 0001:0000ee43       mexErrMsgTxt_800           000000018000fe43 f   libmex:libmex.dll
 0001:0000ee49       mexWarnMsgTxt_800          000000018000fe49 f   libmex:libmex.dll
 0001:0000ee4f       mexCallMATLAB_800          000000018000fe4f f   libmex:libmex.dll
 0001:0000ee55       mexLock_800                000000018000fe55 f   libmex:libmex.dll
 0001:0000ee5b       mexUnlock_800              000000018000fe5b f   libmex:libmex.dll
 0001:0000ee61       mexIsLocked_800            000000018000fe61 f   libmex:libmex.dll
 0001:0000ee67       utMalloc                   000000018000fe67 f   libut:libut.dll
 0001:0000ee6d       utFree                     000000018000fe6d f   libut:libut.dll
 0001:0000ee73       muDoubleScalarFloor        000000018000fe73 f   libmwmathutil:libmwmathutil.dll
 0001:0000ee79       muDoubleScalarIsNaN        000000018000fe79 f   libmwmathutil:libmwmathutil.dll
 0001:0000ee7f       emlrtLicenseCheckR2022a    000000018000fe7f f   libemlrt:libemlrt.dll
 0001:0000ee85       emlrtIntegerCheckR2012b    000000018000fe85 f   libemlrt:libemlrt.dll
 0001:0000ee8b       covrtCreateStateflowInstanceData 000000018000fe8b f   libcovrt:libcovrt.dll
 0001:0000ee91       covrtDeleteStateflowInstanceData 000000018000fe91 f   libcovrt:libcovrt.dll
 0001:0000ee97       covrtTransInitFcn          000000018000fe97 f   libcovrt:libcovrt.dll
 0001:0000ee9d       covrtStateInitFcn          000000018000fe9d f   libcovrt:libcovrt.dll
 0001:0000eea3       covrtChartInitFcn          000000018000fea3 f   libcovrt:libcovrt.dll
 0001:0000eea9       covrtSigUpdateFcn          000000018000fea9 f   libcovrt:libcovrt.dll
 0001:0000eeaf       covrtEmlInitFcn            000000018000feaf f   libcovrt:libcovrt.dll
 0001:0000eeb5       covrtEmlFcnInitFcn         000000018000feb5 f   libcovrt:libcovrt.dll
 0001:0000eebb       covrtEmlFcnEval            000000018000febb f   libcovrt:libcovrt.dll
 0001:0000eec4       __raise_securityfailure    000000018000fec4 f   MSVCRT:gs_report.obj
 0001:0000eef8       __report_gsfailure         000000018000fef8 f   MSVCRT:gs_report.obj
 0001:0000efcc       __report_rangecheckfailure 000000018000ffcc f   MSVCRT:gs_report.obj
 0001:0000efe0       __report_securityfailure   000000018000ffe0 f   MSVCRT:gs_report.obj
 0001:0000f07c       __report_securityfailureEx 000000018001007c f   MSVCRT:gs_report.obj
 0001:0000f270       __GSHandlerCheck           0000000180010270 f   MSVCRT:gshandler.obj
 0001:0000f290       __GSHandlerCheckCommon     0000000180010290 f   MSVCRT:gshandler.obj
 0001:0000f300       __security_check_cookie    0000000180010300 f   MSVCRT:amdsecgs.obj
 0001:0000f330       __chkstk                   0000000180010330 f   MSVCRT:chkstk.obj
 0001:0000f330       _alloca_probe              0000000180010330 f   MSVCRT:chkstk.obj
 0001:0000f6b8       _CRT_INIT                  00000001800106b8 f   MSVCRT:dll_dllmain.obj
 0001:0000f6c0       _DllMainCRTStartup         00000001800106c0 f   MSVCRT:dll_dllmain.obj
 0001:0000f76c       __security_init_cookie     000000018001076c f   MSVCRT:gs_support.obj
 0001:0000f818       DllMain                    0000000180010818 f   MSVCRT:dll_dllmain_stub.obj
 0001:0000f83c       ?__scrt_initialize_type_info@@YAXXZ 000000018001083c f   MSVCRT:tncleanup.obj
 0001:0000f84c       ?__scrt_uninitialize_type_info@@YAXXZ 000000018001084c f   MSVCRT:tncleanup.obj
 0001:0000f858       __local_stdio_scanf_options 0000000180010858 f i MSVCRT:default_local_stdio_options.obj
 0001:0000f860       __scrt_initialize_default_local_stdio_options 0000000180010860 f   MSVCRT:default_local_stdio_options.obj
 0001:0000f87c       ?configure_argv@__scrt_narrow_argv_policy@@SAHXZ 000000018001087c f i MSVCRT:utility.obj
 0001:0000f8dc       ?initialize_environment@__scrt_narrow_environment_policy@@SAHXZ 00000001800108dc f i MSVCRT:utility.obj
 0001:0000f914       NtCurrentTeb               0000000180010914 f i MSVCRT:utility.obj
 0001:0000f920       __scrt_acquire_startup_lock 0000000180010920 f   MSVCRT:utility.obj
 0001:0000f95c       __scrt_dllmain_after_initialize_c 000000018001095c f   MSVCRT:utility.obj
 0001:0000f990       __scrt_dllmain_before_initialize_c 0000000180010990 f   MSVCRT:utility.obj
 0001:0000f9a8       __scrt_dllmain_crt_thread_attach 00000001800109a8 f   MSVCRT:utility.obj
 0001:0000f9d0       __scrt_dllmain_crt_thread_detach 00000001800109d0 f   MSVCRT:utility.obj
 0001:0000f9e8       __scrt_dllmain_exception_filter 00000001800109e8 f   MSVCRT:utility.obj
 0001:0000fa48       __scrt_dllmain_uninitialize_c 0000000180010a48 f   MSVCRT:utility.obj
 0001:0000fa78       __scrt_dllmain_uninitialize_critical 0000000180010a78 f   MSVCRT:utility.obj
 0001:0000fa8c       __scrt_initialize_crt      0000000180010a8c f   MSVCRT:utility.obj
 0001:0000fac8       __scrt_initialize_onexit_tables 0000000180010ac8 f   MSVCRT:utility.obj
 0001:0000fb54       __scrt_is_nonwritable_in_current_image 0000000180010b54 f   MSVCRT:utility.obj
 0001:0000fbec       __scrt_release_startup_lock 0000000180010bec f   MSVCRT:utility.obj
 0001:0000fc10       __scrt_uninitialize_crt    0000000180010c10 f   MSVCRT:utility.obj
 0001:0000fc3c       _onexit                    0000000180010c3c f   MSVCRT:utility.obj
 0001:0000fc78       at_quick_exit              0000000180010c78 f   MSVCRT:utility.obj
 0001:0000fc98       atexit                     0000000180010c98 f   MSVCRT:utility.obj
 0001:0000fcb0       __scrt_get_dyn_tls_init_callback 0000000180010cb0 f   MSVCRT:dyn_tls_init.obj
 0001:0000fcb8       __crt_debugger_hook        0000000180010cb8 f   MSVCRT:utility_desktop.obj
 0001:0000fcc0       __scrt_fastfail            0000000180010cc0 f   MSVCRT:utility_desktop.obj
 0001:0000fe08       __scrt_get_show_window_mode 0000000180010e08 f   MSVCRT:utility_desktop.obj
 0001:0000fe44       __scrt_initialize_mta      0000000180010e44 f   MSVCRT:utility_desktop.obj
 0001:0000fe4c       __scrt_initialize_winrt    0000000180010e4c f   MSVCRT:utility_desktop.obj
 0001:0000fe50       __scrt_is_managed_app      0000000180010e50 f   MSVCRT:utility_desktop.obj
 0001:0000fea4       __scrt_set_unhandled_exception_filter 0000000180010ea4 f   MSVCRT:utility_desktop.obj
 0001:0000feb4       __scrt_exe_initialize_mta  0000000180010eb4 f   MSVCRT:utility_desktop.obj
 0001:0000feb4       __scrt_stub_for_initialize_mta 0000000180010eb4 f   MSVCRT:utility_desktop.obj
 0001:0000feb8       __scrt_unhandled_exception_filter 0000000180010eb8 f   MSVCRT:utility_desktop.obj
 0001:0000ff14       _RTC_Initialize            0000000180010f14 f   MSVCRT:initsect.obj
 0001:0000ff50       _RTC_Terminate             0000000180010f50 f   MSVCRT:initsect.obj
 0001:0000ff8c       _guard_check_icall_nop     0000000180010f8c f i MSVCRT:guard_support.obj
 0001:0000ff90       ReadNoFence64              0000000180010f90 f i MSVCRT:guard_support.obj
 0001:0000ff94       ReadPointerNoFence         0000000180010f94 f i MSVCRT:guard_support.obj
 0001:0000ff98       __castguard_check_failure_debugbreak 0000000180010f98 f i MSVCRT:guard_support.obj
 0001:0000ffb4       __castguard_check_failure_fastfail 0000000180010fb4 f i MSVCRT:guard_support.obj
 0001:0000ffd8       __castguard_check_failure_nop 0000000180010fd8 f i MSVCRT:guard_support.obj
 0001:0000ffdc       __castguard_check_failure_os_handled 0000000180010fdc f i MSVCRT:guard_support.obj
 0001:00010028       __castguard_check_failure_user_handled 0000000180011028 f i MSVCRT:guard_support.obj
 0001:0001009c       __castguard_set_user_handler 000000018001109c f i MSVCRT:guard_support.obj
 0001:000100a8       __castguard_slow_path_check_debugbreak 00000001800110a8 f i MSVCRT:guard_support.obj
 0001:000100dc       __castguard_slow_path_check_fastfail 00000001800110dc f i MSVCRT:guard_support.obj
 0001:00010118       __castguard_slow_path_check_nop 0000000180011118 f i MSVCRT:guard_support.obj
 0001:0001011c       __castguard_slow_path_check_os_handled 000000018001111c f i MSVCRT:guard_support.obj
 0001:00010168       __castguard_slow_path_check_user_handled 0000000180011168 f i MSVCRT:guard_support.obj
 0001:000101d4       _guard_icall_checks_enforced 00000001800111d4 f i MSVCRT:guard_support.obj
 0001:000101ec       _guard_rf_checks_enforced  00000001800111ec f i MSVCRT:guard_support.obj
 0001:000101f0       __isa_available_init       00000001800111f0 f   MSVCRT:cpu_disp.obj
 0001:0001039c       _get_startup_argv_mode     000000018001139c f   MSVCRT:argv_mode.obj
 0001:000103a4       __scrt_is_ucrt_dll_in_use  00000001800113a4 f   MSVCRT:ucrt_detection.obj
 0001:000103b0       RtlCaptureContext          00000001800113b0 f   kernel32:KERNEL32.dll
 0001:000103b6       RtlLookupFunctionEntry     00000001800113b6 f   kernel32:KERNEL32.dll
 0001:000103bc       RtlVirtualUnwind           00000001800113bc f   kernel32:KERNEL32.dll
 0001:000103c2       UnhandledExceptionFilter   00000001800113c2 f   kernel32:KERNEL32.dll
 0001:000103c8       SetUnhandledExceptionFilter 00000001800113c8 f   kernel32:KERNEL32.dll
 0001:000103ce       GetCurrentProcess          00000001800113ce f   kernel32:KERNEL32.dll
 0001:000103d4       TerminateProcess           00000001800113d4 f   kernel32:KERNEL32.dll
 0001:000103da       IsProcessorFeaturePresent  00000001800113da f   kernel32:KERNEL32.dll
 0001:000103e0       QueryPerformanceCounter    00000001800113e0 f   kernel32:KERNEL32.dll
 0001:000103e6       GetCurrentProcessId        00000001800113e6 f   kernel32:KERNEL32.dll
 0001:000103ec       GetCurrentThreadId         00000001800113ec f   kernel32:KERNEL32.dll
 0001:000103f2       GetSystemTimeAsFileTime    00000001800113f2 f   kernel32:KERNEL32.dll
 0001:000103f8       DisableThreadLibraryCalls  00000001800113f8 f   kernel32:KERNEL32.dll
 0001:000103fe       InitializeSListHead        00000001800113fe f   kernel32:KERNEL32.dll
 0001:00010404       IsDebuggerPresent          0000000180011404 f   kernel32:KERNEL32.dll
 0001:0001040a       GetStartupInfoW            000000018001140a f   kernel32:KERNEL32.dll
 0001:00010410       GetModuleHandleW           0000000180011410 f   kernel32:KERNEL32.dll
 0001:00010416       memset                     0000000180011416 f   vcruntime:VCRUNTIME140.dll
 0001:0001041c       memcpy                     000000018001141c f   vcruntime:VCRUNTIME140.dll
 0001:00010422       __C_specific_handler       0000000180011422 f   vcruntime:VCRUNTIME140.dll
 0001:00010428       __std_type_info_destroy_list 0000000180011428 f   vcruntime:VCRUNTIME140.dll
 0001:0001042e       __current_exception        000000018001142e f   vcruntime:VCRUNTIME140.dll
 0001:00010434       __current_exception_context 0000000180011434 f   vcruntime:VCRUNTIME140.dll
 0001:0001043a       strcmp                     000000018001143a f   ucrt:api-ms-win-crt-string-l1-1-0.dll
 0001:00010440       strcat                     0000000180011440 f   ucrt:api-ms-win-crt-string-l1-1-0.dll
 0001:00010446       __stdio_common_vsprintf    0000000180011446 f   ucrt:api-ms-win-crt-stdio-l1-1-0.dll
 0001:0001044c       free                       000000018001144c f   ucrt:api-ms-win-crt-heap-l1-1-0.dll
 0001:00010452       malloc                     0000000180011452 f   ucrt:api-ms-win-crt-heap-l1-1-0.dll
 0001:00010458       strlen                     0000000180011458 f   ucrt:api-ms-win-crt-string-l1-1-0.dll
 0001:0001045e       _initterm                  000000018001145e f   ucrt:api-ms-win-crt-runtime-l1-1-0.dll
 0001:00010464       _initterm_e                0000000180011464 f   ucrt:api-ms-win-crt-runtime-l1-1-0.dll
 0001:0001046a       _seh_filter_dll            000000018001146a f   ucrt:api-ms-win-crt-runtime-l1-1-0.dll
 0001:00010470       _configure_narrow_argv     0000000180011470 f   ucrt:api-ms-win-crt-runtime-l1-1-0.dll
 0001:00010476       _initialize_narrow_environment 0000000180011476 f   ucrt:api-ms-win-crt-runtime-l1-1-0.dll
 0001:0001047c       _initialize_onexit_table   000000018001147c f   ucrt:api-ms-win-crt-runtime-l1-1-0.dll
 0001:00010482       _register_onexit_function  0000000180011482 f   ucrt:api-ms-win-crt-runtime-l1-1-0.dll
 0001:00010488       _execute_onexit_table      0000000180011488 f   ucrt:api-ms-win-crt-runtime-l1-1-0.dll
 0001:0001048e       _crt_atexit                000000018001148e f   ucrt:api-ms-win-crt-runtime-l1-1-0.dll
 0001:00010494       _crt_at_quick_exit         0000000180011494 f   ucrt:api-ms-win-crt-runtime-l1-1-0.dll
 0001:0001049a       _cexit                     000000018001149a f   ucrt:api-ms-win-crt-runtime-l1-1-0.dll
 0001:000104a0       terminate                  00000001800114a0 f   ucrt:api-ms-win-crt-runtime-l1-1-0.dll
 0001:000104a8       __acrt_initialize          00000001800114a8 f   MSVCRT:ucrt_stubs.obj
 0001:000104a8       __scrt_stub_for_acrt_initialize 00000001800114a8 f   MSVCRT:ucrt_stubs.obj
 0001:000104a8       __vcrt_initialize          00000001800114a8 f   MSVCRT:ucrt_stubs.obj
 0001:000104ac       __acrt_thread_attach       00000001800114ac f   MSVCRT:ucrt_stubs.obj
 0001:000104ac       __scrt_stub_for_acrt_thread_attach 00000001800114ac f   MSVCRT:ucrt_stubs.obj
 0001:000104ac       __vcrt_thread_attach       00000001800114ac f   MSVCRT:ucrt_stubs.obj
 0001:000104b0       __acrt_thread_detach       00000001800114b0 f   MSVCRT:ucrt_stubs.obj
 0001:000104b0       __scrt_stub_for_acrt_thread_detach 00000001800114b0 f   MSVCRT:ucrt_stubs.obj
 0001:000104b0       __vcrt_thread_detach       00000001800114b0 f   MSVCRT:ucrt_stubs.obj
 0001:000104b4       __acrt_uninitialize        00000001800114b4 f   MSVCRT:ucrt_stubs.obj
 0001:000104b4       __scrt_stub_for_acrt_uninitialize 00000001800114b4 f   MSVCRT:ucrt_stubs.obj
 0001:000104b4       __vcrt_uninitialize        00000001800114b4 f   MSVCRT:ucrt_stubs.obj
 0001:000104b8       __acrt_uninitialize_critical 00000001800114b8 f   MSVCRT:ucrt_stubs.obj
 0001:000104b8       __scrt_stub_for_acrt_uninitialize_critical 00000001800114b8 f   MSVCRT:ucrt_stubs.obj
 0001:000104b8       __vcrt_uninitialize_critical 00000001800114b8 f   MSVCRT:ucrt_stubs.obj
 0001:000104bc       __scrt_stub_for_is_c_termination_complete 00000001800114bc f   MSVCRT:ucrt_stubs.obj
 0001:000104bc       _is_c_termination_complete 00000001800114bc f   MSVCRT:ucrt_stubs.obj
 0001:000104d0       _guard_dispatch_icall_nop  00000001800114d0 f   MSVCRT:guard_dispatch.obj
 0001:000104f0       _guard_xfg_dispatch_icall_nop 00000001800114f0 f   MSVCRT:guard_xfg_dispatch.obj
 0002:00000000       __imp_GetModuleHandleW     0000000180012000     kernel32:KERNEL32.dll
 0002:00000008       __imp_IsProcessorFeaturePresent 0000000180012008     kernel32:KERNEL32.dll
 0002:00000010       __imp_RtlCaptureContext    0000000180012010     kernel32:KERNEL32.dll
 0002:00000018       __imp_RtlLookupFunctionEntry 0000000180012018     kernel32:KERNEL32.dll
 0002:00000020       __imp_QueryPerformanceCounter 0000000180012020     kernel32:KERNEL32.dll
 0002:00000028       __imp_GetCurrentProcessId  0000000180012028     kernel32:KERNEL32.dll
 0002:00000030       __imp_GetCurrentThreadId   0000000180012030     kernel32:KERNEL32.dll
 0002:00000038       __imp_GetSystemTimeAsFileTime 0000000180012038     kernel32:KERNEL32.dll
 0002:00000040       __imp_DisableThreadLibraryCalls 0000000180012040     kernel32:KERNEL32.dll
 0002:00000048       __imp_InitializeSListHead  0000000180012048     kernel32:KERNEL32.dll
 0002:00000050       __imp_IsDebuggerPresent    0000000180012050     kernel32:KERNEL32.dll
 0002:00000058       __imp_GetStartupInfoW      0000000180012058     kernel32:KERNEL32.dll
 0002:00000060       __imp_GetCurrentProcess    0000000180012060     kernel32:KERNEL32.dll
 0002:00000068       __imp_SetUnhandledExceptionFilter 0000000180012068     kernel32:KERNEL32.dll
 0002:00000070       __imp_UnhandledExceptionFilter 0000000180012070     kernel32:KERNEL32.dll
 0002:00000078       __imp_RtlVirtualUnwind     0000000180012078     kernel32:KERNEL32.dll
 0002:00000080       __imp_TerminateProcess     0000000180012080     kernel32:KERNEL32.dll
 0002:00000088       \177KERNEL32_NULL_THUNK_DATA 0000000180012088     kernel32:KERNEL32.dll
 0002:00000090       __imp_memset               0000000180012090     vcruntime:VCRUNTIME140.dll
 0002:00000098       __imp_memcpy               0000000180012098     vcruntime:VCRUNTIME140.dll
 0002:000000a0       __imp___C_specific_handler 00000001800120a0     vcruntime:VCRUNTIME140.dll
 0002:000000a8       __imp___std_type_info_destroy_list 00000001800120a8     vcruntime:VCRUNTIME140.dll
 0002:000000b0       __imp___current_exception  00000001800120b0     vcruntime:VCRUNTIME140.dll
 0002:000000b8       __imp___current_exception_context 00000001800120b8     vcruntime:VCRUNTIME140.dll
 0002:000000c0       \177VCRUNTIME140_NULL_THUNK_DATA 00000001800120c0     vcruntime:VCRUNTIME140.dll
 0002:000000c8       __imp_malloc               00000001800120c8     ucrt:api-ms-win-crt-heap-l1-1-0.dll
 0002:000000d0       __imp_free                 00000001800120d0     ucrt:api-ms-win-crt-heap-l1-1-0.dll
 0002:000000d8       \177api-ms-win-crt-heap-l1-1-0_NULL_THUNK_DATA 00000001800120d8     ucrt:api-ms-win-crt-heap-l1-1-0.dll
 0002:000000e0       __imp__initterm_e          00000001800120e0     ucrt:api-ms-win-crt-runtime-l1-1-0.dll
 0002:000000e8       __imp__seh_filter_dll      00000001800120e8     ucrt:api-ms-win-crt-runtime-l1-1-0.dll
 0002:000000f0       __imp__configure_narrow_argv 00000001800120f0     ucrt:api-ms-win-crt-runtime-l1-1-0.dll
 0002:000000f8       __imp__initialize_narrow_environment 00000001800120f8     ucrt:api-ms-win-crt-runtime-l1-1-0.dll
 0002:00000100       __imp__initialize_onexit_table 0000000180012100     ucrt:api-ms-win-crt-runtime-l1-1-0.dll
 0002:00000108       __imp__register_onexit_function 0000000180012108     ucrt:api-ms-win-crt-runtime-l1-1-0.dll
 0002:00000110       __imp__execute_onexit_table 0000000180012110     ucrt:api-ms-win-crt-runtime-l1-1-0.dll
 0002:00000118       __imp__crt_atexit          0000000180012118     ucrt:api-ms-win-crt-runtime-l1-1-0.dll
 0002:00000120       __imp__crt_at_quick_exit   0000000180012120     ucrt:api-ms-win-crt-runtime-l1-1-0.dll
 0002:00000128       __imp__cexit               0000000180012128     ucrt:api-ms-win-crt-runtime-l1-1-0.dll
 0002:00000130       __imp_terminate            0000000180012130     ucrt:api-ms-win-crt-runtime-l1-1-0.dll
 0002:00000138       __imp__initterm            0000000180012138     ucrt:api-ms-win-crt-runtime-l1-1-0.dll
 0002:00000140       \177api-ms-win-crt-runtime-l1-1-0_NULL_THUNK_DATA 0000000180012140     ucrt:api-ms-win-crt-runtime-l1-1-0.dll
 0002:00000148       __imp___stdio_common_vsprintf 0000000180012148     ucrt:api-ms-win-crt-stdio-l1-1-0.dll
 0002:00000150       \177api-ms-win-crt-stdio-l1-1-0_NULL_THUNK_DATA 0000000180012150     ucrt:api-ms-win-crt-stdio-l1-1-0.dll
 0002:00000158       __imp_strlen               0000000180012158     ucrt:api-ms-win-crt-string-l1-1-0.dll
 0002:00000160       __imp_strcat               0000000180012160     ucrt:api-ms-win-crt-string-l1-1-0.dll
 0002:00000168       __imp_strcmp               0000000180012168     ucrt:api-ms-win-crt-string-l1-1-0.dll
 0002:00000170       \177api-ms-win-crt-string-l1-1-0_NULL_THUNK_DATA 0000000180012170     ucrt:api-ms-win-crt-string-l1-1-0.dll
 0002:00000178       __imp_covrtCreateStateflowInstanceData 0000000180012178     libcovrt:libcovrt.dll
 0002:00000180       __imp_covrtEmlFcnEval      0000000180012180     libcovrt:libcovrt.dll
 0002:00000188       __imp_covrtEmlFcnInitFcn   0000000180012188     libcovrt:libcovrt.dll
 0002:00000190       __imp_covrtEmlInitFcn      0000000180012190     libcovrt:libcovrt.dll
 0002:00000198       __imp_covrtSigUpdateFcn    0000000180012198     libcovrt:libcovrt.dll
 0002:000001a0       __imp_covrtChartInitFcn    00000001800121a0     libcovrt:libcovrt.dll
 0002:000001a8       __imp_covrtStateInitFcn    00000001800121a8     libcovrt:libcovrt.dll
 0002:000001b0       __imp_covrtTransInitFcn    00000001800121b0     libcovrt:libcovrt.dll
 0002:000001b8       __imp_covrtDeleteStateflowInstanceData 00000001800121b8     libcovrt:libcovrt.dll
 0002:000001c0       \177libcovrt_NULL_THUNK_DATA 00000001800121c0     libcovrt:libcovrt.dll
 0002:000001c8       __imp_emlrtIntegerCheckR2012b 00000001800121c8     libemlrt:libemlrt.dll
 0002:000001d0       __imp_emlrtLicenseCheckR2022a 00000001800121d0     libemlrt:libemlrt.dll
 0002:000001d8       \177libemlrt_NULL_THUNK_DATA 00000001800121d8     libemlrt:libemlrt.dll
 0002:000001e0       __imp_mexIsLocked_800      00000001800121e0     libmex:libmex.dll
 0002:000001e8       __imp_mexUnlock_800        00000001800121e8     libmex:libmex.dll
 0002:000001f0       __imp_mexMakeArrayPersistent_800 00000001800121f0     libmex:libmex.dll
 0002:000001f8       __imp_mexErrMsgTxt_800     00000001800121f8     libmex:libmex.dll
 0002:00000200       __imp_mexWarnMsgTxt_800    0000000180012200     libmex:libmex.dll
 0002:00000208       __imp_mexCallMATLAB_800    0000000180012208     libmex:libmex.dll
 0002:00000210       __imp_mexLock_800          0000000180012210     libmex:libmex.dll
 0002:00000218       \177libmex_NULL_THUNK_DATA 0000000180012218     libmex:libmex.dll
 0002:00000220       __imp_bwlookup_tbb_boolean 0000000180012220     libmwbwlookup_tbb:libmwbwlookup_tbb.dll
 0002:00000228       \177libmwbwlookup_tbb_NULL_THUNK_DATA 0000000180012228     libmwbwlookup_tbb:libmwbwlookup_tbb.dll
 0002:00000230       __imp_muDoubleScalarFloor  0000000180012230     libmwmathutil:libmwmathutil.dll
 0002:00000238       __imp_muDoubleScalarIsNaN  0000000180012238     libmwmathutil:libmwmathutil.dll
 0002:00000240       \177libmwmathutil_NULL_THUNK_DATA 0000000180012240     libmwmathutil:libmwmathutil.dll
 0002:00000248       __imp_mxCreateDoubleScalar_800 0000000180012248     libmx:libmx.dll
 0002:00000250       __imp_mxGetPr_800          0000000180012250     libmx:libmx.dll
 0002:00000258       __imp_mxIsChar_800         0000000180012258     libmx:libmx.dll
 0002:00000260       __imp_mxGetN_800           0000000180012260     libmx:libmx.dll
 0002:00000268       __imp_mxIsComplex_800      0000000180012268     libmx:libmx.dll
 0002:00000270       __imp_mxIsNumeric_800      0000000180012270     libmx:libmx.dll
 0002:00000278       __imp_mxGetClassID_800     0000000180012278     libmx:libmx.dll
 0002:00000280       __imp_mxGetM_800           0000000180012280     libmx:libmx.dll
 0002:00000288       __imp_mxCalloc_800         0000000180012288     libmx:libmx.dll
 0002:00000290       __imp_mxGetInf_800         0000000180012290     libmx:libmx.dll
 0002:00000298       __imp_mxCreateStructMatrix_800 0000000180012298     libmx:libmx.dll
 0002:000002a0       __imp_mxCreateCellMatrix_800 00000001800122a0     libmx:libmx.dll
 0002:000002a8       __imp_mxCreateString_800   00000001800122a8     libmx:libmx.dll
 0002:000002b0       __imp_mxSetField_800       00000001800122b0     libmx:libmx.dll
 0002:000002b8       __imp_mxSetCell_800        00000001800122b8     libmx:libmx.dll
 0002:000002c0       __imp_mxDuplicateArray_800 00000001800122c0     libmx:libmx.dll
 0002:000002c8       __imp_mxGetString_800      00000001800122c8     libmx:libmx.dll
 0002:000002d0       __imp_mxCreateDoubleMatrix_800 00000001800122d0     libmx:libmx.dll
 0002:000002d8       __imp_mxDestroyArray_800   00000001800122d8     libmx:libmx.dll
 0002:000002e0       __imp_mxGetScalar_800      00000001800122e0     libmx:libmx.dll
 0002:000002e8       \177libmx_NULL_THUNK_DATA  00000001800122e8     libmx:libmx.dll
 0002:000002f0       __imp_utMalloc             00000001800122f0     libut:libut.dll
 0002:000002f8       __imp_utFree               00000001800122f8     libut:libut.dll
 0002:00000300       \177libut_NULL_THUNK_DATA  0000000180012300     libut:libut.dll
 0002:00000308       __imp_getRuntimeInstanceInfoAsVoid 0000000180012308     sf_runtime:sf_runtime.dll
 0002:00000310       __imp_call_sf_machine_global_method_dispatcher 0000000180012310     sf_runtime:sf_runtime.dll
 0002:00000318       __imp_callMdlMethodAndReportError 0000000180012318     sf_runtime:sf_runtime.dll
 0002:00000320       __imp_sf_mex_error_direct_call 0000000180012320     sf_runtime:sf_runtime.dll
 0002:00000328       __imp_sf_clear_error_manager_info 0000000180012328     sf_runtime:sf_runtime.dll
 0002:00000330       __imp_sf_get_ChartInfoStruct_CodeGen 0000000180012330     sf_runtime:sf_runtime.dll
 0002:00000338       __imp_ssGetOutputPortSignal_wrapper 0000000180012338     sf_runtime:sf_runtime.dll
 0002:00000340       __imp_ssGetInputPortSignal_wrapper 0000000180012340     sf_runtime:sf_runtime.dll
 0002:00000348       __imp_sf_mex_import        0000000180012348     sf_runtime:sf_runtime.dll
 0002:00000350       __imp_sf_mex_destroy       0000000180012350     sf_runtime:sf_runtime.dll
 0002:00000358       __imp_sf_mex_dup           0000000180012358     sf_runtime:sf_runtime.dll
 0002:00000360       __imp_sf_mex_assign        0000000180012360     sf_runtime:sf_runtime.dll
 0002:00000368       __imp_sf_mex_getcell       0000000180012368     sf_runtime:sf_runtime.dll
 0002:00000370       __imp_sf_mex_setcell       0000000180012370     sf_runtime:sf_runtime.dll
 0002:00000378       __imp_sf_mex_createcellmatrix 0000000180012378     sf_runtime:sf_runtime.dll
 0002:00000380       __imp_sf_mex_create        0000000180012380     sf_runtime:sf_runtime.dll
 0002:00000388       __imp_sf_mex_error_message 0000000180012388     sf_runtime:sf_runtime.dll
 0002:00000390       __imp_sf_mex_call          0000000180012390     sf_runtime:sf_runtime.dll
 0002:00000398       __imp_sfListenerInitializeRuntimeVars 0000000180012398     sf_runtime:sf_runtime.dll
 0002:000003a0       __imp_sfListenerLightTerminate 00000001800123a0     sf_runtime:sf_runtime.dll
 0002:000003a8       __imp_sfListenerCacheSimStruct 00000001800123a8     sf_runtime:sf_runtime.dll
 0002:000003b0       __imp_mdlProcessParamsCommon 00000001800123b0     sf_runtime:sf_runtime.dll
 0002:000003b8       __imp_sf_set_work_widths   00000001800123b8     sf_runtime:sf_runtime.dll
 0002:000003c0       __imp_setDataBrowseFcn     00000001800123c0     sf_runtime:sf_runtime.dll
 0002:000003c8       __imp_sf_get_time          00000001800123c8     sf_runtime:sf_runtime.dll
 0002:000003d0       __imp_sf_clear_rtw_identifier 00000001800123d0     sf_runtime:sf_runtime.dll
 0002:000003d8       __imp_sim_mode_is_external 00000001800123d8     sf_runtime:sf_runtime.dll
 0002:000003e0       __imp_sim_mode_is_rtw_gen  00000001800123e0     sf_runtime:sf_runtime.dll
 0002:000003e8       __imp_sfSetAnimationVectors 00000001800123e8     sf_runtime:sf_runtime.dll
 0002:000003f0       __imp_sf_get_chart_instance_ptr 00000001800123f0     sf_runtime:sf_runtime.dll
 0002:000003f8       __imp_sfrtGetCovrtInstance 00000001800123f8     sf_runtime:sf_runtime.dll
 0002:00000400       __imp_sfrtGetEmlrtCtx      0000000180012400     sf_runtime:sf_runtime.dll
 0002:00000408       __imp_sf_reset_warnings_ChartRunTimeInfo 0000000180012408     sf_runtime:sf_runtime.dll
 0002:00000410       __imp_sf_free_ChartRunTimeInfo 0000000180012410     sf_runtime:sf_runtime.dll
 0002:00000418       __imp_sf_init_ChartRunTimeInfo 0000000180012418     sf_runtime:sf_runtime.dll
 0002:00000420       __imp_sf_mex_decode        0000000180012420     sf_runtime:sf_runtime.dll
 0002:00000428       __imp_sf_load_rtw_optimization_info 0000000180012428     sf_runtime:sf_runtime.dll
 0002:00000430       __imp_sf_get_hasSeparateUpdateOutputs 0000000180012430     sf_runtime:sf_runtime.dll
 0002:00000438       \177sf_runtime_NULL_THUNK_DATA 0000000180012438     sf_runtime:sf_runtime.dll
 0002:00000440       __guard_check_icall_fptr   0000000180012440     MSVCRT:guard_support.obj
 0002:00000448       __guard_xfg_check_icall_fptr 0000000180012448     MSVCRT:guard_support.obj
 0002:00000450       __guard_dispatch_icall_fptr 0000000180012450     MSVCRT:guard_support.obj
 0002:00000458       __guard_xfg_dispatch_icall_fptr 0000000180012458     MSVCRT:guard_support.obj
 0002:00000460       __guard_xfg_table_dispatch_icall_fptr 0000000180012460     MSVCRT:guard_support.obj
 0002:00000468       __castguard_check_failure_os_handled_fptr 0000000180012468     MSVCRT:guard_support.obj
 0002:00000470       __guard_memcpy_fptr        0000000180012470     vcruntime:softmemtag.obj
 0002:00000478       __xc_a                     0000000180012478     MSVCRT:initializers.obj
 0002:00000480       __xc_z                     0000000180012480     MSVCRT:initializers.obj
 0002:00000488       __xi_a                     0000000180012488     MSVCRT:initializers.obj
 0002:00000490       __xi_z                     0000000180012490     MSVCRT:initializers.obj
 0002:00000498       __xp_a                     0000000180012498     MSVCRT:initializers.obj
 0002:000004a0       __xp_z                     00000001800124a0     MSVCRT:initializers.obj
 0002:000004a8       __xt_a                     00000001800124a8     MSVCRT:initializers.obj
 0002:000004b0       __xt_z                     00000001800124b0     MSVCRT:initializers.obj
 0002:000004c0       __real@4174ffbd70000000    00000001800124c0     flightControlSystem_sfun.obj
 0002:000004c8       __real@418f503920000000    00000001800124c8     flightControlSystem_sfun.obj
 0002:000004d0       __real@41b92f8712000000    00000001800124d0     flightControlSystem_sfun.obj
 0002:000004d8       __real@41bad2f744000000    00000001800124d8     flightControlSystem_sfun.obj
 0002:000004e0       __real@41cb1a5378800000    00000001800124e0     flightControlSystem_sfun.obj
 0002:000004e8       __real@41dd4ff610400000    00000001800124e8     flightControlSystem_sfun.obj
 0002:000004f0       __real@41e3f2a9e2200000    00000001800124f0     flightControlSystem_sfun.obj
 0002:000004f8       __real@41e3fa3198000000    00000001800124f8     flightControlSystem_sfun.obj
 0002:00000500       __real@41e4f97bc3200000    0000000180012500     flightControlSystem_sfun.obj
 0002:00000508       __real@41e5ea5a70200000    0000000180012508     flightControlSystem_sfun.obj
 0002:00000510       __real@41eb30c5b0800000    0000000180012510     flightControlSystem_sfun.obj
 0002:00000518       __real@41ed0b63b6c00000    0000000180012518     flightControlSystem_sfun.obj
 0002:00000528       __real@3ff0000000000000    0000000180012528     c1_flightControlSystem.obj
 0002:00000530       __real@4000000000000000    0000000180012530     c1_flightControlSystem.obj
 0002:00000538       __real@4044000000000000    0000000180012538     c1_flightControlSystem.obj
 0002:00000540       __real@405e000000000000    0000000180012540     c1_flightControlSystem.obj
 0002:00000548       __real@4080000000000000    0000000180012548     c1_flightControlSystem.obj
 0002:00000550       __real@41c6117fb5000000    0000000180012550     c1_flightControlSystem.obj
 0002:00000558       __real@41e12449f4c00000    0000000180012558     c1_flightControlSystem.obj
 0002:00000560       __real@41ea2115f7e00000    0000000180012560     c1_flightControlSystem.obj
 0002:00000568       __real@41ec26d913c00000    0000000180012568     c1_flightControlSystem.obj
 0002:00000570       DYNAMIC_DIMENSION_DEF      0000000180012570     flightControlSystem_sfun_registry.obj
 0002:00000588       __real@0000000000000000    0000000180012588     flightControlSystem_sfun_registry.obj
 0002:00000590       __real@4010000000000000    0000000180012590     flightControlSystem_sfun_registry.obj
 0002:00000598       __real@41602cbca0000000    0000000180012598     flightControlSystem_sfun_registry.obj
 0002:000005a0       __real@bff0000000000000    00000001800125a0     flightControlSystem_sfun_registry.obj
 0002:000005b8       _pDefaultRawDllMain        00000001800125b8     MSVCRT:dll_dllmain.obj
 0002:000005b8       _pRawDllMain               00000001800125b8     MSVCRT:dll_dllmain.obj
 0002:000005c0       __xmm@ffffffffffffffffffffffffffffffff 00000001800125c0     MSVCRT:utility.obj
 0002:000005d0       _load_config_used          00000001800125d0     MSVCRT:loadcfg.obj
 0002:00000780       __CastGuardVftablesStart   0000000180012780     MSVCRT:guard_support.obj
 0002:00000800       __CastGuardVftablesEnd     0000000180012800     MSVCRT:guard_support.obj
 0002:00000880       __volatile_metadata        0000000180012880     <linker-defined>
 0002:00000c80       __rtc_iaa                  0000000180012c80     MSVCRT:initsect.obj
 0002:00000c88       __rtc_izz                  0000000180012c88     MSVCRT:initsect.obj
 0002:00000c90       __rtc_taa                  0000000180012c90     MSVCRT:initsect.obj
 0002:00000c98       __rtc_tzz                  0000000180012c98     MSVCRT:initsect.obj
 0002:00001724       __IMPORT_DESCRIPTOR_libmwbwlookup_tbb 0000000180013724     libmwbwlookup_tbb:libmwbwlookup_tbb.dll
 0002:00001738       __IMPORT_DESCRIPTOR_sf_runtime 0000000180013738     sf_runtime:sf_runtime.dll
 0002:0000174c       __IMPORT_DESCRIPTOR_libmx  000000018001374c     libmx:libmx.dll
 0002:00001760       __IMPORT_DESCRIPTOR_libmex 0000000180013760     libmex:libmex.dll
 0002:00001774       __IMPORT_DESCRIPTOR_libut  0000000180013774     libut:libut.dll
 0002:00001788       __IMPORT_DESCRIPTOR_libmwmathutil 0000000180013788     libmwmathutil:libmwmathutil.dll
 0002:0000179c       __IMPORT_DESCRIPTOR_libemlrt 000000018001379c     libemlrt:libemlrt.dll
 0002:000017b0       __IMPORT_DESCRIPTOR_libcovrt 00000001800137b0     libcovrt:libcovrt.dll
 0002:000017c4       __IMPORT_DESCRIPTOR_KERNEL32 00000001800137c4     kernel32:KERNEL32.dll
 0002:000017d8       __IMPORT_DESCRIPTOR_VCRUNTIME140 00000001800137d8     vcruntime:VCRUNTIME140.dll
 0002:000017ec       __IMPORT_DESCRIPTOR_api-ms-win-crt-string-l1-1-0 00000001800137ec     ucrt:api-ms-win-crt-string-l1-1-0.dll
 0002:00001800       __IMPORT_DESCRIPTOR_api-ms-win-crt-stdio-l1-1-0 0000000180013800     ucrt:api-ms-win-crt-stdio-l1-1-0.dll
 0002:00001814       __IMPORT_DESCRIPTOR_api-ms-win-crt-heap-l1-1-0 0000000180013814     ucrt:api-ms-win-crt-heap-l1-1-0.dll
 0002:00001828       __IMPORT_DESCRIPTOR_api-ms-win-crt-runtime-l1-1-0 0000000180013828     ucrt:api-ms-win-crt-runtime-l1-1-0.dll
 0002:0000183c       __NULL_IMPORT_DESCRIPTOR   000000018001383c     libmwbwlookup_tbb:libmwbwlookup_tbb.dll
 0003:0000a3c0       DYNAMIC_DIMENSION          000000018001f3c0     flightControlSystem_sfun_registry.obj
 0003:0000ca80       __security_cookie          0000000180021a80     MSVCRT:gs_cookie.obj
 0003:0000cac0       __security_cookie_complement 0000000180021ac0     MSVCRT:gs_cookie.obj
 0003:0000cac8       _fltused                   0000000180021ac8     MSVCRT:fltused.obj
 0003:0000cad0       __scrt_native_dllmain_reason 0000000180021ad0     MSVCRT:utility.obj
 0003:0000cad8       __isa_available            0000000180021ad8     MSVCRT:cpu_disp.obj
 0003:0000cadc       __isa_enabled              0000000180021adc     MSVCRT:cpu_disp.obj
 0003:0000cae0       __memset_fast_string_threshold 0000000180021ae0     MSVCRT:cpu_disp.obj
 0003:0000cae8       __memset_nt_threshold      0000000180021ae8     MSVCRT:cpu_disp.obj
 0003:0000caf0       __scrt_ucrt_dll_is_in_use  0000000180021af0     MSVCRT:ucrt_stubs.obj
 0003:0000d630       ?__type_info_root_node@@3U__type_info_node@@A 0000000180022630     MSVCRT:tncleanup.obj
 0003:0000d640       ?_OptionsStorage@?1??__local_stdio_printf_options@@9@4_KA 0000000180022640     MSVCRT:default_local_stdio_options.obj
 0003:0000d648       ?_OptionsStorage@?1??__local_stdio_scanf_options@@9@4_KA 0000000180022648     MSVCRT:default_local_stdio_options.obj
 0003:0000d650       __scrt_current_native_startup_state 0000000180022650     MSVCRT:utility.obj
 0003:0000d658       __scrt_native_startup_lock 0000000180022658     MSVCRT:utility.obj
 0003:0000d698       __scrt_debugger_hook_flag  0000000180022698     MSVCRT:utility_desktop.obj
 0003:0000d6a0       __castguard_check_failure_user_handled_fptr 00000001800226a0     MSVCRT:guard_support.obj
 0003:0000d6a8       __favor                    00000001800226a8     MSVCRT:cpu_disp.obj
 0003:0000d6b0       ?_OptionsStorage@?1??__local_stdio_printf_options@@9@9 00000001800226b0     <common>
 0003:0000d6b8       __dyn_tls_init_callback    00000001800226b8     <common>

 entry point at        0001:0000f6c0

 Static symbols

 0000:00000000       _volmd                     0000000180000000     c1_flightControlSystem.obj
 0000:00000000       .debug$S                   0000000180000000     flightControlSystem_sfun.exp
 0000:00000000       _volmd                     0000000180000000     flightControlSystem_sfun.obj
 0000:00000000       _volmd                     0000000180000000     flightControlSystem_sfun_registry.obj
 0000:00000000       .debug$S                   0000000180000000     ucrt:api-ms-win-crt-heap-l1-1-0.dll
 0000:00000000       .debug$S                   0000000180000000     ucrt:api-ms-win-crt-heap-l1-1-0.dll
 0000:00000000       .debug$S                   0000000180000000     ucrt:api-ms-win-crt-runtime-l1-1-0.dll
 0000:00000000       .debug$S                   0000000180000000     ucrt:api-ms-win-crt-runtime-l1-1-0.dll
 0000:00000000       .debug$S                   0000000180000000     ucrt:api-ms-win-crt-runtime-l1-1-0.dll
 0000:00000000       .debug$S                   0000000180000000     ucrt:api-ms-win-crt-runtime-l1-1-0.dll
 0000:00000000       .debug$S                   0000000180000000     ucrt:api-ms-win-crt-runtime-l1-1-0.dll
 0000:00000000       .debug$S                   0000000180000000     ucrt:api-ms-win-crt-runtime-l1-1-0.dll
 0000:00000000       .debug$S                   0000000180000000     ucrt:api-ms-win-crt-runtime-l1-1-0.dll
 0000:00000000       .debug$S                   0000000180000000     ucrt:api-ms-win-crt-runtime-l1-1-0.dll
 0000:00000000       .debug$S                   0000000180000000     ucrt:api-ms-win-crt-runtime-l1-1-0.dll
 0000:00000000       .debug$S                   0000000180000000     ucrt:api-ms-win-crt-runtime-l1-1-0.dll
 0000:00000000       .debug$S                   0000000180000000     ucrt:api-ms-win-crt-runtime-l1-1-0.dll
 0000:00000000       .debug$S                   0000000180000000     ucrt:api-ms-win-crt-runtime-l1-1-0.dll
 0000:00000000       .debug$S                   0000000180000000     ucrt:api-ms-win-crt-stdio-l1-1-0.dll
 0000:00000000       .debug$S                   0000000180000000     ucrt:api-ms-win-crt-string-l1-1-0.dll
 0000:00000000       .debug$S                   0000000180000000     ucrt:api-ms-win-crt-string-l1-1-0.dll
 0000:00000000       .debug$S                   0000000180000000     ucrt:api-ms-win-crt-string-l1-1-0.dll
 0000:00000000       .debug$S                   0000000180000000     kernel32:KERNEL32.dll
 0000:00000000       .debug$S                   0000000180000000     kernel32:KERNEL32.dll
 0000:00000000       .debug$S                   0000000180000000     kernel32:KERNEL32.dll
 0000:00000000       .debug$S                   0000000180000000     kernel32:KERNEL32.dll
 0000:00000000       .debug$S                   0000000180000000     kernel32:KERNEL32.dll
 0000:00000000       .debug$S                   0000000180000000     kernel32:KERNEL32.dll
 0000:00000000       .debug$S                   0000000180000000     kernel32:KERNEL32.dll
 0000:00000000       .debug$S                   0000000180000000     kernel32:KERNEL32.dll
 0000:00000000       .debug$S                   0000000180000000     kernel32:KERNEL32.dll
 0000:00000000       .debug$S                   0000000180000000     kernel32:KERNEL32.dll
 0000:00000000       .debug$S                   0000000180000000     kernel32:KERNEL32.dll
 0000:00000000       .debug$S                   0000000180000000     kernel32:KERNEL32.dll
 0000:00000000       .debug$S                   0000000180000000     kernel32:KERNEL32.dll
 0000:00000000       .debug$S                   0000000180000000     kernel32:KERNEL32.dll
 0000:00000000       .debug$S                   0000000180000000     kernel32:KERNEL32.dll
 0000:00000000       .debug$S                   0000000180000000     kernel32:KERNEL32.dll
 0000:00000000       .debug$S                   0000000180000000     kernel32:KERNEL32.dll
 0000:00000000       .debug$S                   0000000180000000     libcovrt:libcovrt.dll
 0000:00000000       .debug$S                   0000000180000000     libcovrt:libcovrt.dll
 0000:00000000       .debug$S                   0000000180000000     libcovrt:libcovrt.dll
 0000:00000000       .debug$S                   0000000180000000     libcovrt:libcovrt.dll
 0000:00000000       .debug$S                   0000000180000000     libcovrt:libcovrt.dll
 0000:00000000       .debug$S                   0000000180000000     libcovrt:libcovrt.dll
 0000:00000000       .debug$S                   0000000180000000     libcovrt:libcovrt.dll
 0000:00000000       .debug$S                   0000000180000000     libcovrt:libcovrt.dll
 0000:00000000       .debug$S                   0000000180000000     libcovrt:libcovrt.dll
 0000:00000000       .debug$S                   0000000180000000     libemlrt:libemlrt.dll
 0000:00000000       .debug$S                   0000000180000000     libemlrt:libemlrt.dll
 0000:00000000       .debug$S                   0000000180000000     libmex:libmex.dll
 0000:00000000       .debug$S                   0000000180000000     libmex:libmex.dll
 0000:00000000       .debug$S                   0000000180000000     libmex:libmex.dll
 0000:00000000       .debug$S                   0000000180000000     libmex:libmex.dll
 0000:00000000       .debug$S                   0000000180000000     libmex:libmex.dll
 0000:00000000       .debug$S                   0000000180000000     libmex:libmex.dll
 0000:00000000       .debug$S                   0000000180000000     libmex:libmex.dll
 0000:00000000       .debug$S                   0000000180000000     libmwbwlookup_tbb:libmwbwlookup_tbb.dll
 0000:00000000       .debug$S                   0000000180000000     libmwmathutil:libmwmathutil.dll
 0000:00000000       .debug$S                   0000000180000000     libmwmathutil:libmwmathutil.dll
 0000:00000000       .debug$S                   0000000180000000     libmx:libmx.dll
 0000:00000000       .debug$S                   0000000180000000     libmx:libmx.dll
 0000:00000000       .debug$S                   0000000180000000     libmx:libmx.dll
 0000:00000000       .debug$S                   0000000180000000     libmx:libmx.dll
 0000:00000000       .debug$S                   0000000180000000     libmx:libmx.dll
 0000:00000000       .debug$S                   0000000180000000     libmx:libmx.dll
 0000:00000000       .debug$S                   0000000180000000     libmx:libmx.dll
 0000:00000000       .debug$S                   0000000180000000     libmx:libmx.dll
 0000:00000000       .debug$S                   0000000180000000     libmx:libmx.dll
 0000:00000000       .debug$S                   0000000180000000     libmx:libmx.dll
 0000:00000000       .debug$S                   0000000180000000     libmx:libmx.dll
 0000:00000000       .debug$S                   0000000180000000     libmx:libmx.dll
 0000:00000000       .debug$S                   0000000180000000     libmx:libmx.dll
 0000:00000000       .debug$S                   0000000180000000     libmx:libmx.dll
 0000:00000000       .debug$S                   0000000180000000     libmx:libmx.dll
 0000:00000000       .debug$S                   0000000180000000     libmx:libmx.dll
 0000:00000000       .debug$S                   0000000180000000     libmx:libmx.dll
 0000:00000000       .debug$S                   0000000180000000     libmx:libmx.dll
 0000:00000000       .debug$S                   0000000180000000     libmx:libmx.dll
 0000:00000000       .debug$S                   0000000180000000     libmx:libmx.dll
 0000:00000000       .debug$S                   0000000180000000     libut:libut.dll
 0000:00000000       .debug$S                   0000000180000000     libut:libut.dll
 0000:00000000       .debug$S                   0000000180000000     sf_runtime:sf_runtime.dll
 0000:00000000       .debug$S                   0000000180000000     sf_runtime:sf_runtime.dll
 0000:00000000       .debug$S                   0000000180000000     sf_runtime:sf_runtime.dll
 0000:00000000       .debug$S                   0000000180000000     sf_runtime:sf_runtime.dll
 0000:00000000       .debug$S                   0000000180000000     sf_runtime:sf_runtime.dll
 0000:00000000       .debug$S                   0000000180000000     sf_runtime:sf_runtime.dll
 0000:00000000       .debug$S                   0000000180000000     sf_runtime:sf_runtime.dll
 0000:00000000       .debug$S                   0000000180000000     sf_runtime:sf_runtime.dll
 0000:00000000       .debug$S                   0000000180000000     sf_runtime:sf_runtime.dll
 0000:00000000       .debug$S                   0000000180000000     sf_runtime:sf_runtime.dll
 0000:00000000       .debug$S                   0000000180000000     sf_runtime:sf_runtime.dll
 0000:00000000       .debug$S                   0000000180000000     sf_runtime:sf_runtime.dll
 0000:00000000       .debug$S                   0000000180000000     sf_runtime:sf_runtime.dll
 0000:00000000       .debug$S                   0000000180000000     sf_runtime:sf_runtime.dll
 0000:00000000       .debug$S                   0000000180000000     sf_runtime:sf_runtime.dll
 0000:00000000       .debug$S                   0000000180000000     sf_runtime:sf_runtime.dll
 0000:00000000       .debug$S                   0000000180000000     sf_runtime:sf_runtime.dll
 0000:00000000       .debug$S                   0000000180000000     sf_runtime:sf_runtime.dll
 0000:00000000       .debug$S                   0000000180000000     sf_runtime:sf_runtime.dll
 0000:00000000       .debug$S                   0000000180000000     sf_runtime:sf_runtime.dll
 0000:00000000       .debug$S                   0000000180000000     sf_runtime:sf_runtime.dll
 0000:00000000       .debug$S                   0000000180000000     sf_runtime:sf_runtime.dll
 0000:00000000       .debug$S                   0000000180000000     sf_runtime:sf_runtime.dll
 0000:00000000       .debug$S                   0000000180000000     sf_runtime:sf_runtime.dll
 0000:00000000       .debug$S                   0000000180000000     sf_runtime:sf_runtime.dll
 0000:00000000       .debug$S                   0000000180000000     sf_runtime:sf_runtime.dll
 0000:00000000       .debug$S                   0000000180000000     sf_runtime:sf_runtime.dll
 0000:00000000       .debug$S                   0000000180000000     sf_runtime:sf_runtime.dll
 0000:00000000       .debug$S                   0000000180000000     sf_runtime:sf_runtime.dll
 0000:00000000       .debug$S                   0000000180000000     sf_runtime:sf_runtime.dll
 0000:00000000       .debug$S                   0000000180000000     sf_runtime:sf_runtime.dll
 0000:00000000       .debug$S                   0000000180000000     sf_runtime:sf_runtime.dll
 0000:00000000       .debug$S                   0000000180000000     sf_runtime:sf_runtime.dll
 0000:00000000       .debug$S                   0000000180000000     sf_runtime:sf_runtime.dll
 0000:00000000       .debug$S                   0000000180000000     sf_runtime:sf_runtime.dll
 0000:00000000       .debug$S                   0000000180000000     sf_runtime:sf_runtime.dll
 0000:00000000       .debug$S                   0000000180000000     sf_runtime:sf_runtime.dll
 0000:00000000       .debug$S                   0000000180000000     sf_runtime:sf_runtime.dll
 0000:00000000       _volmd                     0000000180000000     MSVCRT:cpu_disp.obj
 0002:fffee000       __guard_ehcont_?dllmain_dispatch@@YAHQEAUHINSTANCE__@@KQEAX@Z 0000000180000000     MSVCRT:dll_dllmain.obj
 0002:fffee000       __guard_fids_?dllmain_dispatch@@YAHQEAUHINSTANCE__@@KQEAX@Z 0000000180000000     MSVCRT:dll_dllmain.obj
 0000:00000000       _volmd                     0000000180000000     MSVCRT:gs_report.obj
 0000:00000000       _volmd                     0000000180000000     MSVCRT:gs_report.obj
 0000:00000000       _volmd                     0000000180000000     MSVCRT:gs_report.obj
 0002:fffee000       __guard_fids__             0000000180000000     MSVCRT:guard_support.obj
 0002:fffee000       __guard_fids__             0000000180000000     MSVCRT:guard_support.obj
 0002:fffee000       __guard_fids__guard_icall_checks_enforced 0000000180000000     MSVCRT:guard_support.obj
 0000:00000000       _volmd                     0000000180000000     MSVCRT:guard_support.obj
 0000:00000000       _volmd                     0000000180000000     MSVCRT:guard_support.obj
 0000:00000000       _volmd                     0000000180000000     MSVCRT:guard_support.obj
 0000:00000000       _volmd                     0000000180000000     MSVCRT:guard_support.obj
 0000:00000000       _volmd                     0000000180000000     MSVCRT:guard_support.obj
 0000:00000000       _volmd                     0000000180000000     MSVCRT:guard_support.obj
 0000:00000000       _volmd                     0000000180000000     MSVCRT:guard_support.obj
 0000:00000000       _volmd                     0000000180000000     MSVCRT:guard_support.obj
 0000:00000000       _volmd                     0000000180000000     MSVCRT:guard_support.obj
 0000:00000000       _volmd                     0000000180000000     MSVCRT:guard_support.obj
 0002:fffee000       __guard_ehcont___scrt_is_nonwritable_in_current_image 0000000180000000     MSVCRT:utility.obj
 0000:00000000       _volmd                     0000000180000000     MSVCRT:utility.obj
 0000:00000000       _volmd                     0000000180000000     MSVCRT:utility.obj
 0000:00000000       _volmd                     0000000180000000     MSVCRT:utility.obj
 0002:fffee000       __guard_fids___scrt_set_unhandled_exception_filter 0000000180000000     MSVCRT:utility_desktop.obj
 0000:00000000       _volmd                     0000000180000000     MSVCRT:utility_desktop.obj
 0002:fffee000       __guard_fids__             0000000180000000     vcruntime:softmemtag.obj
 0000:00000000       .debug$S                   0000000180000000     vcruntime:VCRUNTIME140.dll
 0000:00000000       .debug$S                   0000000180000000     vcruntime:VCRUNTIME140.dll
 0000:00000000       .debug$S                   0000000180000000     vcruntime:VCRUNTIME140.dll
 0000:00000000       .debug$S                   0000000180000000     vcruntime:VCRUNTIME140.dll
 0000:00000000       .debug$S                   0000000180000000     vcruntime:VCRUNTIME140.dll
 0000:00000000       .debug$S                   0000000180000000     vcruntime:VCRUNTIME140.dll
 0000:00000010       _volmd                     0000000180000010     c1_flightControlSystem.obj
 0000:00000010       _volmd                     0000000180000010     flightControlSystem_sfun.obj
 0000:00000010       _volmd                     0000000180000010     flightControlSystem_sfun_registry.obj
 0000:00000020       _volmd                     0000000180000020     c1_flightControlSystem.obj
 0000:00000020       _volmd                     0000000180000020     flightControlSystem_sfun.obj
 0000:00000020       _volmd                     0000000180000020     flightControlSystem_sfun_registry.obj
 0000:00000030       _volmd                     0000000180000030     c1_flightControlSystem.obj
 0000:00000030       _volmd                     0000000180000030     flightControlSystem_sfun.obj
 0000:00000030       _volmd                     0000000180000030     flightControlSystem_sfun_registry.obj
 0000:00000040       _volmd                     0000000180000040     c1_flightControlSystem.obj
 0000:00000040       _volmd                     0000000180000040     flightControlSystem_sfun.obj
 0000:00000040       _volmd                     0000000180000040     flightControlSystem_sfun_registry.obj
 0000:00000050       _volmd                     0000000180000050     c1_flightControlSystem.obj
 0000:00000050       _volmd                     0000000180000050     flightControlSystem_sfun.obj
 0000:00000050       _volmd                     0000000180000050     flightControlSystem_sfun_registry.obj
 0000:00000060       _volmd                     0000000180000060     flightControlSystem_sfun_registry.obj
 0000:00000070       _volmd                     0000000180000070     flightControlSystem_sfun_registry.obj
 0000:00000080       _volmd                     0000000180000080     flightControlSystem_sfun_registry.obj
 0000:00000090       _volmd                     0000000180000090     flightControlSystem_sfun_registry.obj
 0000:000000a0       _volmd                     00000001800000a0     flightControlSystem_sfun_registry.obj
 0000:000000b0       _volmd                     00000001800000b0     flightControlSystem_sfun_registry.obj
 0000:000000c0       _volmd                     00000001800000c0     flightControlSystem_sfun_registry.obj
 0000:000000d0       _volmd                     00000001800000d0     flightControlSystem_sfun_registry.obj
 0000:000000e0       _volmd                     00000001800000e0     flightControlSystem_sfun_registry.obj
 0000:000000f0       _volmd                     00000001800000f0     flightControlSystem_sfun_registry.obj
 0000:00000100       _volmd                     0000000180000100     flightControlSystem_sfun_registry.obj
 0001:00001130       initialize_c1_flightControlSystem 0000000180002130 f   c1_flightControlSystem.obj
 0001:000011d0       initialize_params_c1_flightControlSystem 00000001800021d0 f   c1_flightControlSystem.obj
 0001:000011e0       mdl_start_c1_flightControlSystem 00000001800021e0 f   c1_flightControlSystem.obj
 0001:00001210       mdl_terminate_c1_flightControlSystem 0000000180002210 f   c1_flightControlSystem.obj
 0001:00001220       mdl_setup_runtime_resources_c1_flightControlSystem 0000000180002220 f   c1_flightControlSystem.obj
 0001:000014b0       mdl_cleanup_runtime_resources_c1_flightControlSystem 00000001800024b0 f   c1_flightControlSystem.obj
 0001:000014f0       enable_c1_flightControlSystem 00000001800024f0 f   c1_flightControlSystem.obj
 0001:00001520       disable_c1_flightControlSystem 0000000180002520 f   c1_flightControlSystem.obj
 0001:00001550       sf_gateway_c1_flightControlSystem 0000000180002550 f   c1_flightControlSystem.obj
[...]
 0003:0000a460       $SG20747                   000000018001f460     flightControlSystem_sfun_registry.obj
 0003:0000a480       $SG20749                   000000018001f480     flightControlSystem_sfun_registry.obj
 0003:0000a498       $SG20777                   000000018001f498     flightControlSystem_sfun_registry.obj
 0003:0000a4b8       $SG20779                   000000018001f4b8     flightControlSystem_sfun_registry.obj
 0003:0000a4d0       $SG20795                   000000018001f4d0     flightControlSystem_sfun_registry.obj
 0003:0000a4e0       $SG20809                   000000018001f4e0     flightControlSystem_sfun_registry.obj
 0003:0000a4f8       $SG20829                   000000018001f4f8     flightControlSystem_sfun_registry.obj
 0003:0000a50c       $SG20902                   000000018001f50c     flightControlSystem_sfun_registry.obj
 0003:0000a518       $SG20903                   000000018001f518     flightControlSystem_sfun_registry.obj
 0003:0000a52c       $SG20907                   000000018001f52c     flightControlSystem_sfun_registry.obj
 0003:0000a538       $SG20908                   000000018001f538     flightControlSystem_sfun_registry.obj
 0003:0000a558       $SG21022                   000000018001f558     flightControlSystem_sfun_registry.obj
 0003:0000a580       _sfcnName                  000000018001f580     flightControlSystem_sfun_registry.obj
 0003:0000a5a0       $SG21037                   000000018001f5a0     flightControlSystem_sfun_registry.obj
 0003:0000a618       $SG21342                   000000018001f618     flightControlSystem_sfun_registry.obj
 0003:0000a620       $SG21343                   000000018001f620     flightControlSystem_sfun_registry.obj
 0003:0000a628       $SG21355                   000000018001f628     flightControlSystem_sfun_registry.obj
 0003:0000a638       $SG21491                   000000018001f638     flightControlSystem_sfun_registry.obj
 0003:0000a678       $SG21492                   000000018001f678     flightControlSystem_sfun_registry.obj
 0003:0000a688       $SG21493                   000000018001f688     flightControlSystem_sfun_registry.obj
 0003:0000a690       $SG21497                   000000018001f690     flightControlSystem_sfun_registry.obj
 0003:0000a6d8       $SG21498                   000000018001f6d8     flightControlSystem_sfun_registry.obj
 0003:0000a6e8       $SG21499                   000000018001f6e8     flightControlSystem_sfun_registry.obj
 0003:0000a6f0       $SG21500                   000000018001f6f0     flightControlSystem_sfun_registry.obj
 0003:0000a748       $SG21501                   000000018001f748     flightControlSystem_sfun_registry.obj
 0003:0000a758       $SG21502                   000000018001f758     flightControlSystem_sfun_registry.obj
 0003:0000a760       $SG21522                   000000018001f760     flightControlSystem_sfun_registry.obj
 0003:0000a7a0       $SG21523                   000000018001f7a0     flightControlSystem_sfun_registry.obj
 0003:0000a7b0       $SG21524                   000000018001f7b0     flightControlSystem_sfun_registry.obj
 0003:0000a7c0       $SG21528                   000000018001f7c0     flightControlSystem_sfun_registry.obj
 0003:0000a808       $SG21529                   000000018001f808     flightControlSystem_sfun_registry.obj
 0003:0000a818       $SG21530                   000000018001f818     flightControlSystem_sfun_registry.obj
 0003:0000a820       $SG21531                   000000018001f820     flightControlSystem_sfun_registry.obj
 0003:0000a878       $SG21532                   000000018001f878     flightControlSystem_sfun_registry.obj
 0003:0000a888       $SG21533                   000000018001f888     flightControlSystem_sfun_registry.obj
 0003:0000a890       $SG21552                   000000018001f890     flightControlSystem_sfun_registry.obj
 0003:0000a8e0       $SG21553                   000000018001f8e0     flightControlSystem_sfun_registry.obj
 0003:0000a8f0       $SG21554                   000000018001f8f0     flightControlSystem_sfun_registry.obj
 0003:0000a900       $SG21563                   000000018001f900     flightControlSystem_sfun_registry.obj
 0003:0000a960       $SG21564                   000000018001f960     flightControlSystem_sfun_registry.obj
 0003:0000a968       $SG21565                   000000018001f968     flightControlSystem_sfun_registry.obj
 0003:0000a970       $SG21574                   000000018001f970     flightControlSystem_sfun_registry.obj
 0003:0000a9d0       $SG21575                   000000018001f9d0     flightControlSystem_sfun_registry.obj
 0003:0000a9d8       $SG21576                   000000018001f9d8     flightControlSystem_sfun_registry.obj
 0003:0000a9e0       $SG21882                   000000018001f9e0     flightControlSystem_sfun_registry.obj
 0003:0000aa60       $SG21885                   000000018001fa60     flightControlSystem_sfun_registry.obj
 0003:0000aae0       $SG21890                   000000018001fae0     flightControlSystem_sfun_registry.obj
 0003:0000ab60       $SG21898                   000000018001fb60     flightControlSystem_sfun_registry.obj
 0003:0000abd0       $SG22171                   000000018001fbd0     flightControlSystem_sfun_registry.obj
 0003:0000ac50       $SG22176                   000000018001fc50     flightControlSystem_sfun_registry.obj
 0003:0000acc8       $SG22500                   000000018001fcc8     flightControlSystem_sfun_registry.obj
 0003:0000ace0       $SG22513                   000000018001fce0     flightControlSystem_sfun_registry.obj
 0003:0000ad58       $SG22516                   000000018001fd58     flightControlSystem_sfun_registry.obj
 0003:0000ad5c       $SG22568                   000000018001fd5c     flightControlSystem_sfun_registry.obj
 0003:0000ad64       $SG22569                   000000018001fd64     flightControlSystem_sfun_registry.obj
 0003:0000ad6c       $SG22570                   000000018001fd6c     flightControlSystem_sfun_registry.obj
 0003:0000ad80       $SG22571                   000000018001fd80     flightControlSystem_sfun_registry.obj
 0003:0000ae00       $SG22573                   000000018001fe00     flightControlSystem_sfun_registry.obj
 0003:0000ae7c       $SG22576                   000000018001fe7c     flightControlSystem_sfun_registry.obj
 0003:0000ae84       $SG22579                   000000018001fe84     flightControlSystem_sfun_registry.obj
 0003:0000ae8c       $SG22582                   000000018001fe8c     flightControlSystem_sfun_registry.obj
 0003:0000aea0       $SG22583                   000000018001fea0     flightControlSystem_sfun_registry.obj
 0003:0000af20       $SG22584                   000000018001ff20     flightControlSystem_sfun_registry.obj
 0003:0000af30       $SG22586                   000000018001ff30     flightControlSystem_sfun_registry.obj
 0003:0000af3c       $SG22588                   000000018001ff3c     flightControlSystem_sfun_registry.obj
 0003:0000af44       $SG22590                   000000018001ff44     flightControlSystem_sfun_registry.obj
 0003:0000af50       $SG22592                   000000018001ff50     flightControlSystem_sfun_registry.obj
 0003:0000af5c       $SG22594                   000000018001ff5c     flightControlSystem_sfun_registry.obj
 0003:0000af60       $SG22597                   000000018001ff60     flightControlSystem_sfun_registry.obj
 0003:0000b048       $SG22707                   0000000180020048     flightControlSystem_sfun_registry.obj
 0003:0000b078       $SG22708                   0000000180020078     flightControlSystem_sfun_registry.obj
 0003:0000b088       $SG22709                   0000000180020088     flightControlSystem_sfun_registry.obj
 0003:0000b090       $SG22711                   0000000180020090     flightControlSystem_sfun_registry.obj
 0003:0000b0c8       $SG22712                   00000001800200c8     flightControlSystem_sfun_registry.obj
 0003:0000b0d8       $SG22713                   00000001800200d8     flightControlSystem_sfun_registry.obj
 0003:0000b0e0       $SG22716                   00000001800200e0     flightControlSystem_sfun_registry.obj
 0003:0000b118       $SG22717                   0000000180020118     flightControlSystem_sfun_registry.obj
 0003:0000b128       $SG22718                   0000000180020128     flightControlSystem_sfun_registry.obj
 0003:0000b130       $SG22720                   0000000180020130     flightControlSystem_sfun_registry.obj
 0003:0000b168       $SG22721                   0000000180020168     flightControlSystem_sfun_registry.obj
 0003:0000b178       $SG22722                   0000000180020178     flightControlSystem_sfun_registry.obj
 0003:0000b180       $SG22724                   0000000180020180     flightControlSystem_sfun_registry.obj
 0003:0000b1b8       $SG22725                   00000001800201b8     flightControlSystem_sfun_registry.obj
 0003:0000b1c8       $SG22726                   00000001800201c8     flightControlSystem_sfun_registry.obj
 0003:0000b1d0       $SG22729                   00000001800201d0     flightControlSystem_sfun_registry.obj
 0003:0000b1d8       $SG22731                   00000001800201d8     flightControlSystem_sfun_registry.obj
 0003:0000b1f0       $SG22732                   00000001800201f0     flightControlSystem_sfun_registry.obj
 0003:0000b228       $SG22733                   0000000180020228     flightControlSystem_sfun_registry.obj
 0003:0000b238       $SG22734                   0000000180020238     flightControlSystem_sfun_registry.obj
 0003:0000b240       $SG22900                   0000000180020240     flightControlSystem_sfun_registry.obj
 0003:0000b260       $SG22901                   0000000180020260     flightControlSystem_sfun_registry.obj
 0003:0000b2f0       $SG22907                   00000001800202f0     flightControlSystem_sfun_registry.obj
 0003:0000b310       $SG22908                   0000000180020310     flightControlSystem_sfun_registry.obj
 0003:0000b3a0       $SG22914                   00000001800203a0     flightControlSystem_sfun_registry.obj
 0003:0000b3c0       $SG22915                   00000001800203c0     flightControlSystem_sfun_registry.obj
 0003:0000b450       $SG22921                   0000000180020450     flightControlSystem_sfun_registry.obj
 0003:0000b470       $SG22922                   0000000180020470     flightControlSystem_sfun_registry.obj
 0003:0000b500       $SG22928                   0000000180020500     flightControlSystem_sfun_registry.obj
 0003:0000b520       $SG22929                   0000000180020520     flightControlSystem_sfun_registry.obj
 0003:0000b5b0       $SG22933                   00000001800205b0     flightControlSystem_sfun_registry.obj
 0003:0000b5d0       $SG22934                   00000001800205d0     flightControlSystem_sfun_registry.obj
 0003:0000b660       $SG22938                   0000000180020660     flightControlSystem_sfun_registry.obj
 0003:0000b690       $SG22939                   0000000180020690     flightControlSystem_sfun_registry.obj
 0003:0000b720       $SG22943                   0000000180020720     flightControlSystem_sfun_registry.obj
 0003:0000b750       $SG22944                   0000000180020750     flightControlSystem_sfun_registry.obj
 0003:0000b7e0       $SG22948                   00000001800207e0     flightControlSystem_sfun_registry.obj
 0003:0000b800       $SG22949                   0000000180020800     flightControlSystem_sfun_registry.obj
 0003:0000b890       $SG22953                   0000000180020890     flightControlSystem_sfun_registry.obj
 0003:0000b8b0       $SG22954                   00000001800208b0     flightControlSystem_sfun_registry.obj
 0003:0000b940       $SG22958                   0000000180020940     flightControlSystem_sfun_registry.obj
 0003:0000b960       $SG22959                   0000000180020960     flightControlSystem_sfun_registry.obj
 0003:0000b9f0       $SG22963                   00000001800209f0     flightControlSystem_sfun_registry.obj
 0003:0000ba10       $SG22964                   0000000180020a10     flightControlSystem_sfun_registry.obj
 0003:0000baa0       $SG22968                   0000000180020aa0     flightControlSystem_sfun_registry.obj
 0003:0000bac0       $SG22969                   0000000180020ac0     flightControlSystem_sfun_registry.obj
 0003:0000bb50       $SG22973                   0000000180020b50     flightControlSystem_sfun_registry.obj
 0003:0000bb70       $SG22974                   0000000180020b70     flightControlSystem_sfun_registry.obj
 0003:0000bc00       $SG22978                   0000000180020c00     flightControlSystem_sfun_registry.obj
 0003:0000bc20       $SG22979                   0000000180020c20     flightControlSystem_sfun_registry.obj
 0003:0000bcb0       $SG22983                   0000000180020cb0     flightControlSystem_sfun_registry.obj
 0003:0000bcd0       $SG22984                   0000000180020cd0     flightControlSystem_sfun_registry.obj
 0003:0000bd60       $SG22988                   0000000180020d60     flightControlSystem_sfun_registry.obj
 0003:0000bd80       $SG22989                   0000000180020d80     flightControlSystem_sfun_registry.obj
 0003:0000be10       $SG22994                   0000000180020e10     flightControlSystem_sfun_registry.obj
 0003:0000be30       $SG22995                   0000000180020e30     flightControlSystem_sfun_registry.obj
 0003:0000bec0       $SG23000                   0000000180020ec0     flightControlSystem_sfun_registry.obj
 0003:0000bed0       $SG23001                   0000000180020ed0     flightControlSystem_sfun_registry.obj
 0003:0000bf60       $SG23005                   0000000180020f60     flightControlSystem_sfun_registry.obj
 0003:0000bf80       $SG23006                   0000000180020f80     flightControlSystem_sfun_registry.obj
 0003:0000c010       $SG23010                   0000000180021010     flightControlSystem_sfun_registry.obj
 0003:0000c020       $SG23011                   0000000180021020     flightControlSystem_sfun_registry.obj
 0003:0000c0b0       $SG23015                   00000001800210b0     flightControlSystem_sfun_registry.obj
 0003:0000c0d0       $SG23016                   00000001800210d0     flightControlSystem_sfun_registry.obj
 0003:0000c160       $SG23020                   0000000180021160     flightControlSystem_sfun_registry.obj
 0003:0000c180       $SG23021                   0000000180021180     flightControlSystem_sfun_registry.obj
 0003:0000c210       $SG23025                   0000000180021210     flightControlSystem_sfun_registry.obj
 0003:0000c220       $SG23026                   0000000180021220     flightControlSystem_sfun_registry.obj
 0003:0000c2b0       $SG23030                   00000001800212b0     flightControlSystem_sfun_registry.obj
 0003:0000c2c0       $SG23031                   00000001800212c0     flightControlSystem_sfun_registry.obj
 0003:0000c350       $SG23035                   0000000180021350     flightControlSystem_sfun_registry.obj
 0003:0000c370       $SG23036                   0000000180021370     flightControlSystem_sfun_registry.obj
 0003:0000c400       $SG23040                   0000000180021400     flightControlSystem_sfun_registry.obj
 0003:0000c420       $SG23041                   0000000180021420     flightControlSystem_sfun_registry.obj
 0003:0000c4b0       $SG23045                   00000001800214b0     flightControlSystem_sfun_registry.obj
 0003:0000c4c0       $SG23046                   00000001800214c0     flightControlSystem_sfun_registry.obj
 0003:0000c550       $SG23054                   0000000180021550     flightControlSystem_sfun_registry.obj
 0003:0000c560       $SG23055                   0000000180021560     flightControlSystem_sfun_registry.obj
 0003:0000c5f0       $SG23061                   00000001800215f0     flightControlSystem_sfun_registry.obj
 0003:0000c600       $SG23062                   0000000180021600     flightControlSystem_sfun_registry.obj
 0003:0000c690       $SG23066                   0000000180021690     flightControlSystem_sfun_registry.obj
 0003:0000c6a0       $SG23067                   00000001800216a0     flightControlSystem_sfun_registry.obj
 0003:0000c730       $SG23072                   0000000180021730     flightControlSystem_sfun_registry.obj
 0003:0000c740       $SG23073                   0000000180021740     flightControlSystem_sfun_registry.obj
 0003:0000c7d0       $SG23077                   00000001800217d0     flightControlSystem_sfun_registry.obj
 0003:0000c850       $SG23100                   0000000180021850     flightControlSystem_sfun_registry.obj
 0003:0000c968       $SG23108                   0000000180021968     flightControlSystem_sfun_registry.obj
 0003:0000c978       $SG23115                   0000000180021978     flightControlSystem_sfun_registry.obj
 0003:0000c988       $SG23123                   0000000180021988     flightControlSystem_sfun_registry.obj
 0003:0000c998       $SG23130                   0000000180021998     flightControlSystem_sfun_registry.obj
 0003:0000c9a8       $SG23138                   00000001800219a8     flightControlSystem_sfun_registry.obj
 0003:0000c9b8       $SG23145                   00000001800219b8     flightControlSystem_sfun_registry.obj
 0003:0000c9c8       $SG23151                   00000001800219c8     flightControlSystem_sfun_registry.obj
 0003:0000c9e8       $SG23161                   00000001800219e8     flightControlSystem_sfun_registry.obj
 0003:0000ca18       $SG23162                   0000000180021a18     flightControlSystem_sfun_registry.obj
 0003:0000ca20       $SG23163                   0000000180021a20     flightControlSystem_sfun_registry.obj
 0003:0000ca28       $SG23173                   0000000180021a28     flightControlSystem_sfun_registry.obj
 0003:0000ca60       $SG23174                   0000000180021a60     flightControlSystem_sfun_registry.obj
 0003:0000ca68       $SG23175                   0000000180021a68     flightControlSystem_sfun_registry.obj
 0003:0000cb00       sRtwOptimizationInfoStruct 0000000180021b00     flightControlSystem_sfun.obj
 0003:0000cb08       sOptimizationInfoFlags     0000000180021b08     flightControlSystem_sfun.obj
 0003:0000cb10       _sfTime_                   0000000180021b10     c1_flightControlSystem.obj
 0003:0000cb18       $SG20863                   0000000180021b18     c1_flightControlSystem.obj
 0003:0000cb19       $SG21359                   0000000180021b19     c1_flightControlSystem.obj
 0003:0000cb1a       $SG21360                   0000000180021b1a     c1_flightControlSystem.obj
 0003:0000cb1b       $SG21488                   0000000180021b1b     c1_flightControlSystem.obj
 0003:0000cb20       ?newstr@?1??sf_c1_flightControlSystem_get_post_codegen_info@@9@9 0000000180021b20     c1_flightControlSystem.obj
 0003:0000d0a8       sfGlobalMdlStartCallCounts 00000001800220a8     flightControlSystem_sfun_registry.obj
 0003:0000d0ac       $SG22564                   00000001800220ac     flightControlSystem_sfun_registry.obj
 0003:0000d0ae       ?warningGuard@?1??ssGetRootSS@@9@9 00000001800220ae     flightControlSystem_sfun_registry.obj
 0003:0000d0af       ?warningGuard@?1??ssGetParentSS@@9@9 00000001800220af     flightControlSystem_sfun_registry.obj
 0003:0000d0b0       GS_ExceptionRecord         00000001800220b0     MSVCRT:gs_report.obj
 0003:0000d150       GS_ContextRecord           0000000180022150     MSVCRT:gs_report.obj
 0003:0000d620       ?__proc_attached@@3HA      0000000180022620     MSVCRT:dll_dllmain.obj
 0003:0000d660       ?is_initialized_as_dll@@3_NA 0000000180022660     MSVCRT:utility.obj
 0003:0000d661       ?module_local_atexit_table_initialized@@3_NA 0000000180022661     MSVCRT:utility.obj
 0003:0000d668       ?module_local_atexit_table@@3U_onexit_table_t@@A 0000000180022668     MSVCRT:utility.obj
 0003:0000d680       ?module_local_at_quick_exit_table@@3U_onexit_table_t@@A 0000000180022680     MSVCRT:utility.obj
